Component: ARM Compiler 5.05 update 1 (build 106) Tool: armlink [4d0efa]

==============================================================================

Section Cross References

    main.o(.text) refers to _printf_pad.o(.text) for _printf_pre_padding
    main.o(.text) refers to _printf_percent.o(.ARM.Collect$$_printf_percent$$00000000) for _printf_percent
    main.o(.text) refers to _printf_d.o(.ARM.Collect$$_printf_percent$$00000009) for _printf_d
    main.o(.text) refers to _printf_dec.o(.text) for _printf_int_dec
    main.o(.text) refers to delay.o(.text) for delay_init
    main.o(.text) refers to misc.o(.text) for NVIC_PriorityGroupConfig
    main.o(.text) refers to usart.o(.text) for uart_init
    main.o(.text) refers to usart2.o(.text) for USART2_Init
    main.o(.text) refers to lcd.o(.text) for LCD_Init
    main.o(.text) refers to key.o(.text) for KEY_Init
    main.o(.text) refers to led.o(.text) for LED_Init
    main.o(.text) refers to dma.o(.text) for DMA_Config
    main.o(.text) refers to mpu6050.o(.text) for MPU_Init
    main.o(.text) refers to adc.o(.text) for Adc_Init
    main.o(.text) refers to 24l01.o(.text) for NRF24L01_Init
    main.o(.text) refers to timer.o(.text) for TIM3_Int_Init
    main.o(.text) refers to dht11.o(.text) for DHT11_Init
    main.o(.text) refers to __2printf.o(.text) for __2printf
    main.o(.text) refers to usmart_config.o(.data) for usmart_dev
    main.o(.text) refers to lcd.o(.data) for POINT_COLOR
    main.o(.text) refers to main.o(.bss) for tmp_buf
    main.o(.text) refers to timer.o(.data) for humidity
    system_stm32f10x.o(.text) refers to system_stm32f10x.o(.data) for SystemCoreClock
    startup_stm32f10x_hd.o(STACK) refers (Special) to heapauxi.o(.text) for __use_two_region_memory
    startup_stm32f10x_hd.o(HEAP) refers (Special) to heapauxi.o(.text) for __use_two_region_memory
    startup_stm32f10x_hd.o(RESET) refers (Special) to heapauxi.o(.text) for __use_two_region_memory
    startup_stm32f10x_hd.o(RESET) refers to startup_stm32f10x_hd.o(STACK) for __initial_sp
    startup_stm32f10x_hd.o(RESET) refers to startup_stm32f10x_hd.o(.text) for Reset_Handler
    startup_stm32f10x_hd.o(RESET) refers to stm32f10x_it.o(.text) for NMI_Handler
    startup_stm32f10x_hd.o(RESET) refers to usmart.o(.text) for TIM2_IRQHandler
    startup_stm32f10x_hd.o(RESET) refers to timer.o(.text) for TIM3_IRQHandler
    startup_stm32f10x_hd.o(RESET) refers to usart2.o(.text) for TIM4_IRQHandler
    startup_stm32f10x_hd.o(RESET) refers to usart.o(.text) for USART1_IRQHandler
    startup_stm32f10x_hd.o(.text) refers (Special) to heapauxi.o(.text) for __use_two_region_memory
    startup_stm32f10x_hd.o(.text) refers to system_stm32f10x.o(.text) for SystemInit
    startup_stm32f10x_hd.o(.text) refers to __main.o(!!!main) for __main
    startup_stm32f10x_hd.o(.text) refers to startup_stm32f10x_hd.o(HEAP) for Heap_Mem
    startup_stm32f10x_hd.o(.text) refers to startup_stm32f10x_hd.o(STACK) for Stack_Mem
    stm32f10x_adc.o(.text) refers to stm32f10x_rcc.o(.text) for RCC_APB2PeriphResetCmd
    stm32f10x_bkp.o(.text) refers to stm32f10x_rcc.o(.text) for RCC_BackupResetCmd
    stm32f10x_can.o(.text) refers to stm32f10x_rcc.o(.text) for RCC_APB1PeriphResetCmd
    stm32f10x_cec.o(.text) refers to stm32f10x_rcc.o(.text) for RCC_APB1PeriphResetCmd
    stm32f10x_dac.o(.text) refers to stm32f10x_rcc.o(.text) for RCC_APB1PeriphResetCmd
    stm32f10x_gpio.o(.text) refers to stm32f10x_rcc.o(.text) for RCC_APB2PeriphResetCmd
    stm32f10x_i2c.o(.text) refers to stm32f10x_rcc.o(.text) for RCC_APB1PeriphResetCmd
    stm32f10x_pwr.o(.text) refers to stm32f10x_rcc.o(.text) for RCC_APB1PeriphResetCmd
    stm32f10x_rcc.o(.text) refers to stm32f10x_rcc.o(.data) for APBAHBPrescTable
    stm32f10x_spi.o(.text) refers to stm32f10x_rcc.o(.text) for RCC_APB2PeriphResetCmd
    stm32f10x_tim.o(.text) refers to stm32f10x_rcc.o(.text) for RCC_APB2PeriphResetCmd
    stm32f10x_usart.o(.text) refers to stm32f10x_rcc.o(.text) for RCC_APB2PeriphResetCmd
    stm32f10x_wwdg.o(.text) refers to stm32f10x_rcc.o(.text) for RCC_APB1PeriphResetCmd
    delay.o(.text) refers to misc.o(.text) for SysTick_CLKSourceConfig
    delay.o(.text) refers to system_stm32f10x.o(.data) for SystemCoreClock
    delay.o(.text) refers to delay.o(.data) for fac_us
    usart.o(.text) refers (Special) to use_no_semi_2.o(.text) for __use_no_semihosting
    usart.o(.text) refers to stm32f10x_rcc.o(.text) for RCC_APB2PeriphClockCmd
    usart.o(.text) refers to stm32f10x_gpio.o(.text) for GPIO_Init
    usart.o(.text) refers to misc.o(.text) for NVIC_Init
    usart.o(.text) refers to stm32f10x_usart.o(.text) for USART_Init
    usart.o(.text) refers to usart.o(.data) for USART_RX_STA
    usart.o(.text) refers to usart.o(.bss) for USART_RX_BUF
    usart.o(.bss) refers (Special) to use_no_semi_2.o(.text) for __use_no_semihosting
    usart.o(.data) refers (Special) to use_no_semi_2.o(.text) for __use_no_semihosting
[...]
    __rt_lib_init_fp_1                       0x08000277   Thumb Code     0  libinit2.o(.ARM.Collect$$libinit$$00000002)
    __rt_lib_init_heap_1                     0x08000277   Thumb Code     0  libinit2.o(.ARM.Collect$$libinit$$0000000A)
    __rt_lib_init_lc_common                  0x08000277   Thumb Code     0  libinit2.o(.ARM.Collect$$libinit$$0000000F)
    __rt_lib_init_preinit_1                  0x08000277   Thumb Code     0  libinit2.o(.ARM.Collect$$libinit$$00000004)
    __rt_lib_init_rand_1                     0x08000277   Thumb Code     0  libinit2.o(.ARM.Collect$$libinit$$0000000E)
    __rt_lib_init_user_alloc_1               0x08000277   Thumb Code     0  libinit2.o(.ARM.Collect$$libinit$$0000000C)
    __rt_lib_init_lc_collate_1               0x0800027d   Thumb Code     0  libinit2.o(.ARM.Collect$$libinit$$00000011)
    __rt_lib_init_lc_ctype_2                 0x0800027d   Thumb Code     0  libinit2.o(.ARM.Collect$$libinit$$00000012)
    __rt_lib_init_lc_ctype_1                 0x08000289   Thumb Code     0  libinit2.o(.ARM.Collect$$libinit$$00000013)
    __rt_lib_init_lc_monetary_1              0x08000289   Thumb Code     0  libinit2.o(.ARM.Collect$$libinit$$00000015)
    __rt_lib_init_lc_numeric_2               0x08000289   Thumb Code     0  libinit2.o(.ARM.Collect$$libinit$$00000016)
    __rt_lib_init_alloca_1                   0x08000293   Thumb Code     0  libinit2.o(.ARM.Collect$$libinit$$0000002E)
    __rt_lib_init_argv_1                     0x08000293   Thumb Code     0  libinit2.o(.ARM.Collect$$libinit$$0000002C)
    __rt_lib_init_atexit_1                   0x08000293   Thumb Code     0  libinit2.o(.ARM.Collect$$libinit$$0000001B)
    __rt_lib_init_clock_1                    0x08000293   Thumb Code     0  libinit2.o(.ARM.Collect$$libinit$$00000021)
    __rt_lib_init_cpp_1                      0x08000293   Thumb Code     0  libinit2.o(.ARM.Collect$$libinit$$00000032)
    __rt_lib_init_exceptions_1               0x08000293   Thumb Code     0  libinit2.o(.ARM.Collect$$libinit$$00000030)
    __rt_lib_init_fp_trap_1                  0x08000293   Thumb Code     0  libinit2.o(.ARM.Collect$$libinit$$0000001F)
    __rt_lib_init_getenv_1                   0x08000293   Thumb Code     0  libinit2.o(.ARM.Collect$$libinit$$00000023)
    __rt_lib_init_lc_numeric_1               0x08000293   Thumb Code     0  libinit2.o(.ARM.Collect$$libinit$$00000017)
    __rt_lib_init_lc_time_1                  0x08000293   Thumb Code     0  libinit2.o(.ARM.Collect$$libinit$$00000019)
    __rt_lib_init_return                     0x08000293   Thumb Code     0  libinit2.o(.ARM.Collect$$libinit$$00000033)
    __rt_lib_init_signal_1                   0x08000293   Thumb Code     0  libinit2.o(.ARM.Collect$$libinit$$0000001D)
    __rt_lib_init_stdio_1                    0x08000293   Thumb Code     0  libinit2.o(.ARM.Collect$$libinit$$00000025)
    __rt_lib_shutdown                        0x08000295   Thumb Code     0  libshutdown.o(.ARM.Collect$$libshutdown$$00000000)
    __rt_lib_shutdown_fp_trap_1              0x08000297   Thumb Code     0  libshutdown2.o(.ARM.Collect$$libshutdown$$00000006)
    __rt_lib_shutdown_heap_1                 0x08000297   Thumb Code     0  libshutdown2.o(.ARM.Collect$$libshutdown$$0000000E)
    __rt_lib_shutdown_return                 0x08000297   Thumb Code     0  libshutdown2.o(.ARM.Collect$$libshutdown$$0000000F)
    __rt_lib_shutdown_signal_1               0x08000297   Thumb Code     0  libshutdown2.o(.ARM.Collect$$libshutdown$$00000009)
    __rt_lib_shutdown_stdio_1                0x08000297   Thumb Code     0  libshutdown2.o(.ARM.Collect$$libshutdown$$00000003)
    __rt_lib_shutdown_user_alloc_1           0x08000297   Thumb Code     0  libshutdown2.o(.ARM.Collect$$libshutdown$$0000000B)
    __rt_entry                               0x08000299   Thumb Code     0  __rtentry.o(.ARM.Collect$$rtentry$$00000000)
    __rt_entry_presh_1                       0x08000299   Thumb Code     0  __rtentry2.o(.ARM.Collect$$rtentry$$00000002)
    __rt_entry_sh                            0x08000299   Thumb Code     0  __rtentry4.o(.ARM.Collect$$rtentry$$00000004)
    __rt_entry_li                            0x0800029f   Thumb Code     0  __rtentry2.o(.ARM.Collect$$rtentry$$0000000A)
    __rt_entry_postsh_1                      0x0800029f   Thumb Code     0  __rtentry2.o(.ARM.Collect$$rtentry$$00000009)
    __rt_entry_main                          0x080002a3   Thumb Code     0  __rtentry2.o(.ARM.Collect$$rtentry$$0000000D)
    __rt_entry_postli_1                      0x080002a3   Thumb Code     0  __rtentry2.o(.ARM.Collect$$rtentry$$0000000C)
    __rt_exit                                0x080002ab   Thumb Code     0  rtexit.o(.ARM.Collect$$rtexit$$00000000)
    __rt_exit_ls                             0x080002ad   Thumb Code     0  rtexit2.o(.ARM.Collect$$rtexit$$00000003)
    __rt_exit_prels_1                        0x080002ad   Thumb Code     0  rtexit2.o(.ARM.Collect$$rtexit$$00000002)
    __rt_exit_exit                           0x080002b1   Thumb Code     0  rtexit2.o(.ARM.Collect$$rtexit$$00000004)
    main                                     0x080002b9   Thumb Code   570  main.o(.text)
    NMI_Handler                              0x080005b9   Thumb Code     2  stm32f10x_it.o(.text)
    HardFault_Handler                        0x080005bb   Thumb Code     4  stm32f10x_it.o(.text)
    MemManage_Handler                        0x080005bf   Thumb Code     4  stm32f10x_it.o(.text)
    BusFault_Handler                         0x080005c3   Thumb Code     4  stm32f10x_it.o(.text)
    UsageFault_Handler                       0x080005c7   Thumb Code     4  stm32f10x_it.o(.text)
    SVC_Handler                              0x080005cb   Thumb Code     2  stm32f10x_it.o(.text)
    DebugMon_Handler                         0x080005cd   Thumb Code     2  stm32f10x_it.o(.text)
    PendSV_Handler                           0x080005cf   Thumb Code     2  stm32f10x_it.o(.text)
    SysTick_Handler                          0x080005d1   Thumb Code     2  stm32f10x_it.o(.text)
    SystemInit                               0x080006b3   Thumb Code    78  system_stm32f10x.o(.text)
    SystemCoreClockUpdate                    0x08000701   Thumb Code   142  system_stm32f10x.o(.text)
    Reset_Handler                            0x080007b5   Thumb Code     8  startup_stm32f10x_hd.o(.text)
    ADC1_2_IRQHandler                        0x080007cf   Thumb Code     0  startup_stm32f10x_hd.o(.text)
    ADC3_IRQHandler                          0x080007cf   Thumb Code     0  startup_stm32f10x_hd.o(.text)
    CAN1_RX1_IRQHandler                      0x080007cf   Thumb Code     0  startup_stm32f10x_hd.o(.text)
    CAN1_SCE_IRQHandler                      0x080007cf   Thumb Code     0  startup_stm32f10x_hd.o(.text)
    DMA1_Channel1_IRQHandler                 0x080007cf   Thumb Code     0  startup_stm32f10x_hd.o(.text)
    DMA1_Channel2_IRQHandler                 0x080007cf   Thumb Code     0  startup_stm32f10x_hd.o(.text)
    DMA1_Channel3_IRQHandler                 0x080007cf   Thumb Code     0  startup_stm32f10x_hd.o(.text)
    DMA1_Channel4_IRQHandler                 0x080007cf   Thumb Code     0  startup_stm32f10x_hd.o(.text)
    DMA1_Channel5_IRQHandler                 0x080007cf   Thumb Code     0  startup_stm32f10x_hd.o(.text)
    DMA1_Channel6_IRQHandler                 0x080007cf   Thumb Code     0  startup_stm32f10x_hd.o(.text)
    DMA1_Channel7_IRQHandler                 0x080007cf   Thumb Code     0  startup_stm32f10x_hd.o(.text)
    DMA2_Channel1_IRQHandler                 0x080007cf   Thumb Code     0  startup_stm32f10x_hd.o(.text)
    DMA2_Channel2_IRQHandler                 0x080007cf   Thumb Code     0  startup_stm32f10x_hd.o(.text)
    DMA2_Channel3_IRQHandler                 0x080007cf   Thumb Code     0  startup_stm32f10x_hd.o(.text)
    DMA2_Channel4_5_IRQHandler               0x080007cf   Thumb Code     0  startup_stm32f10x_hd.o(.text)
    EXTI0_IRQHandler                         0x080007cf   Thumb Code     0  startup_stm32f10x_hd.o(.text)
    EXTI15_10_IRQHandler                     0x080007cf   Thumb Code     0  startup_stm32f10x_hd.o(.text)
    EXTI1_IRQHandler                         0x080007cf   Thumb Code     0  startup_stm32f10x_hd.o(.text)
    EXTI2_IRQHandler                         0x080007cf   Thumb Code     0  startup_stm32f10x_hd.o(.text)
    EXTI3_IRQHandler                         0x080007cf   Thumb Code     0  startup_stm32f10x_hd.o(.text)
    EXTI4_IRQHandler                         0x080007cf   Thumb Code     0  startup_stm32f10x_hd.o(.text)
    EXTI9_5_IRQHandler                       0x080007cf   Thumb Code     0  startup_stm32f10x_hd.o(.text)
    FLASH_IRQHandler                         0x080007cf   Thumb Code     0  startup_stm32f10x_hd.o(.text)
    FSMC_IRQHandler                          0x080007cf   Thumb Code     0  startup_stm32f10x_hd.o(.text)
    I2C1_ER_IRQHandler                       0x080007cf   Thumb Code     0  startup_stm32f10x_hd.o(.text)
    I2C1_EV_IRQHandler                       0x080007cf   Thumb Code     0  startup_stm32f10x_hd.o(.text)
    I2C2_ER_IRQHandler                       0x080007cf   Thumb Code     0  startup_stm32f10x_hd.o(.text)
    I2C2_EV_IRQHandler                       0x080007cf   Thumb Code     0  startup_stm32f10x_hd.o(.text)
    PVD_IRQHandler                           0x080007cf   Thumb Code     0  startup_stm32f10x_hd.o(.text)
    RCC_IRQHandler                           0x080007cf   Thumb Code     0  startup_stm32f10x_hd.o(.text)
    RTCAlarm_IRQHandler                      0x080007cf   Thumb Code     0  startup_stm32f10x_hd.o(.text)
    RTC_IRQHandler                           0x080007cf   Thumb Code     0  startup_stm32f10x_hd.o(.text)
    SDIO_IRQHandler                          0x080007cf   Thumb Code     0  startup_stm32f10x_hd.o(.text)
    SPI1_IRQHandler                          0x080007cf   Thumb Code     0  startup_stm32f10x_hd.o(.text)
    SPI2_IRQHandler                          0x080007cf   Thumb Code     0  startup_stm32f10x_hd.o(.text)
    SPI3_IRQHandler                          0x080007cf   Thumb Code     0  startup_stm32f10x_hd.o(.text)
    TAMPER_IRQHandler                        0x080007cf   Thumb Code     0  startup_stm32f10x_hd.o(.text)
    TIM1_BRK_IRQHandler                      0x080007cf   Thumb Code     0  startup_stm32f10x_hd.o(.text)
    TIM1_CC_IRQHandler                       0x080007cf   Thumb Code     0  startup_stm32f10x_hd.o(.text)
    TIM1_TRG_COM_IRQHandler                  0x080007cf   Thumb Code     0  startup_stm32f10x_hd.o(.text)
    TIM1_UP_IRQHandler                       0x080007cf   Thumb Code     0  startup_stm32f10x_hd.o(.text)
    TIM5_IRQHandler                          0x080007cf   Thumb Code     0  startup_stm32f10x_hd.o(.text)
    TIM6_IRQHandler                          0x080007cf   Thumb Code     0  startup_stm32f10x_hd.o(.text)
    TIM7_IRQHandler                          0x080007cf   Thumb Code     0  startup_stm32f10x_hd.o(.text)
    TIM8_BRK_IRQHandler                      0x080007cf   Thumb Code     0  startup_stm32f10x_hd.o(.text)
    TIM8_CC_IRQHandler                       0x080007cf   Thumb Code     0  startup_stm32f10x_hd.o(.text)
    TIM8_TRG_COM_IRQHandler                  0x080007cf   Thumb Code     0  startup_stm32f10x_hd.o(.text)
    TIM8_UP_IRQHandler                       0x080007cf   Thumb Code     0  startup_stm32f10x_hd.o(.text)
    UART4_IRQHandler                         0x080007cf   Thumb Code     0  startup_stm32f10x_hd.o(.text)
    UART5_IRQHandler                         0x080007cf   Thumb Code     0  startup_stm32f10x_hd.o(.text)
    USART3_IRQHandler                        0x080007cf   Thumb Code     0  startup_stm32f10x_hd.o(.text)
    USBWakeUp_IRQHandler                     0x080007cf   Thumb Code     0  startup_stm32f10x_hd.o(.text)
    USB_HP_CAN1_TX_IRQHandler                0x080007cf   Thumb Code     0  startup_stm32f10x_hd.o(.text)
    USB_LP_CAN1_RX0_IRQHandler               0x080007cf   Thumb Code     0  startup_stm32f10x_hd.o(.text)
    WWDG_IRQHandler                          0x080007cf   Thumb Code     0  startup_stm32f10x_hd.o(.text)
    __user_initial_stackheap                 0x080007d1   Thumb Code     0  startup_stm32f10x_hd.o(.text)
    NVIC_PriorityGroupConfig                 0x080007f5   Thumb Code    10  misc.o(.text)
    NVIC_Init                                0x080007ff   Thumb Code   100  misc.o(.text)
    NVIC_SetVectorTable                      0x08000863   Thumb Code    14  misc.o(.text)
    NVIC_SystemLPConfig                      0x08000871   Thumb Code    34  misc.o(.text)
    SysTick_CLKSourceConfig                  0x08000893   Thumb Code    40  misc.o(.text)
    ADC_DeInit                               0x080008d1   Thumb Code    78  stm32f10x_adc.o(.text)
    ADC_Init                                 0x0800091f   Thumb Code    70  stm32f10x_adc.o(.text)
    ADC_StructInit                           0x08000965   Thumb Code    18  stm32f10x_adc.o(.text)
    ADC_Cmd                                  0x08000977   Thumb Code    22  stm32f10x_adc.o(.text)
    ADC_DMACmd                               0x0800098d   Thumb Code    22  stm32f10x_adc.o(.text)
    ADC_ITConfig                             0x080009a3   Thumb Code    24  stm32f10x_adc.o(.text)
    ADC_ResetCalibration                     0x080009bb   Thumb Code    10  stm32f10x_adc.o(.text)
    ADC_GetResetCalibrationStatus            0x080009c5   Thumb Code    20  stm32f10x_adc.o(.text)
    ADC_StartCalibration                     0x080009d9   Thumb Code    10  stm32f10x_adc.o(.text)
    ADC_GetCalibrationStatus                 0x080009e3   Thumb Code    20  stm32f10x_adc.o(.text)
    ADC_SoftwareStartConvCmd                 0x080009f7   Thumb Code    22  stm32f10x_adc.o(.text)
    ADC_GetSoftwareStartConvStatus           0x08000a0d   Thumb Code    20  stm32f10x_adc.o(.text)
    ADC_DiscModeChannelCountConfig           0x08000a21   Thumb Code    24  stm32f10x_adc.o(.text)
    ADC_DiscModeCmd                          0x08000a39   Thumb Code    22  stm32f10x_adc.o(.text)
    ADC_RegularChannelConfig                 0x08000a4f   Thumb Code   184  stm32f10x_adc.o(.text)
    ADC_ExternalTrigConvCmd                  0x08000b07   Thumb Code    22  stm32f10x_adc.o(.text)
    ADC_GetConversionValue                   0x08000b1d   Thumb Code     8  stm32f10x_adc.o(.text)
    ADC_GetDualModeConversionValue           0x08000b25   Thumb Code     8  stm32f10x_adc.o(.text)
    ADC_AutoInjectedConvCmd                  0x08000b2d   Thumb Code    22  stm32f10x_adc.o(.text)
    ADC_InjectedDiscModeCmd                  0x08000b43   Thumb Code    22  stm32f10x_adc.o(.text)
    ADC_ExternalTrigInjectedConvConfig       0x08000b59   Thumb Code    16  stm32f10x_adc.o(.text)
    ADC_ExternalTrigInjectedConvCmd          0x08000b69   Thumb Code    22  stm32f10x_adc.o(.text)
    ADC_SoftwareStartInjectedConvCmd         0x08000b7f   Thumb Code    22  stm32f10x_adc.o(.text)
    ADC_GetSoftwareStartInjectedConvCmdStatus 0x08000b95   Thumb Code    20  stm32f10x_adc.o(.text)
    ADC_InjectedChannelConfig                0x08000ba9   Thumb Code   130  stm32f10x_adc.o(.text)
    ADC_InjectedSequencerLengthConfig        0x08000c2b   Thumb Code    24  stm32f10x_adc.o(.text)
    ADC_SetInjectedOffset                    0x08000c43   Thumb Code    20  stm32f10x_adc.o(.text)
    ADC_GetInjectedConversionValue           0x08000c57   Thumb Code    28  stm32f10x_adc.o(.text)
    ADC_AnalogWatchdogCmd                    0x08000c73   Thumb Code    16  stm32f10x_adc.o(.text)
    ADC_AnalogWatchdogThresholdsConfig       0x08000c83   Thumb Code     6  stm32f10x_adc.o(.text)
    ADC_AnalogWatchdogSingleChannelConfig    0x08000c89   Thumb Code    16  stm32f10x_adc.o(.text)
    ADC_TempSensorVrefintCmd                 0x08000c99   Thumb Code    64  stm32f10x_adc.o(.text)
    ADC_GetFlagStatus                        0x08000cd9   Thumb Code    18  stm32f10x_adc.o(.text)
    ADC_ClearFlag                            0x08000ceb   Thumb Code     6  stm32f10x_adc.o(.text)
    ADC_GetITStatus                          0x08000cf1   Thumb Code    36  stm32f10x_adc.o(.text)
    ADC_ClearITPendingBit                    0x08000d15   Thumb Code    10  stm32f10x_adc.o(.text)
    DMA_DeInit                               0x08000d21   Thumb Code   324  stm32f10x_dma.o(.text)
    DMA_Init                                 0x08000e65   Thumb Code    60  stm32f10x_dma.o(.text)
    DMA_StructInit                           0x08000ea1   Thumb Code    26  stm32f10x_dma.o(.text)
    DMA_Cmd                                  0x08000ebb   Thumb Code    24  stm32f10x_dma.o(.text)
    DMA_ITConfig                             0x08000ed3   Thumb Code    18  stm32f10x_dma.o(.text)
    DMA_SetCurrDataCounter                   0x08000ee5   Thumb Code     4  stm32f10x_dma.o(.text)
    DMA_GetCurrDataCounter                   0x08000ee9   Thumb Code     8  stm32f10x_dma.o(.text)
    DMA_GetFlagStatus                        0x08000ef1   Thumb Code    40  stm32f10x_dma.o(.text)
    DMA_ClearFlag                            0x08000f19   Thumb Code    22  stm32f10x_dma.o(.text)
    DMA_GetITStatus                          0x08000f2f   Thumb Code    40  stm32f10x_dma.o(.text)
    DMA_ClearITPendingBit                    0x08000f57   Thumb Code    22  stm32f10x_dma.o(.text)
    GPIO_DeInit                              0x08000f75   Thumb Code   172  stm32f10x_gpio.o(.text)
    GPIO_AFIODeInit                          0x08001021   Thumb Code    20  stm32f10x_gpio.o(.text)
    GPIO_Init                                0x08001035   Thumb Code   278  stm32f10x_gpio.o(.text)
    GPIO_StructInit                          0x0800114b   Thumb Code    16  stm32f10x_gpio.o(.text)
    GPIO_ReadInputDataBit                    0x0800115b   Thumb Code    18  stm32f10x_gpio.o(.text)
    GPIO_ReadInputData                       0x0800116d   Thumb Code     8  stm32f10x_gpio.o(.text)
    GPIO_ReadOutputDataBit                   0x08001175   Thumb Code    18  stm32f10x_gpio.o(.text)
    GPIO_ReadOutputData                      0x08001187   Thumb Code     8  stm32f10x_gpio.o(.text)
    GPIO_SetBits                             0x0800118f   Thumb Code     4  stm32f10x_gpio.o(.text)
    GPIO_ResetBits                           0x08001193   Thumb Code     4  stm32f10x_gpio.o(.text)
    GPIO_WriteBit                            0x08001197   Thumb Code    10  stm32f10x_gpio.o(.text)
    GPIO_Write                               0x080011a1   Thumb Code     4  stm32f10x_gpio.o(.text)
    GPIO_PinLockConfig                       0x080011a5   Thumb Code    18  stm32f10x_gpio.o(.text)
    GPIO_EventOutputConfig                   0x080011b7   Thumb Code    26  stm32f10x_gpio.o(.text)
    GPIO_EventOutputCmd                      0x080011d1   Thumb Code     6  stm32f10x_gpio.o(.text)
    GPIO_PinRemapConfig                      0x080011d7   Thumb Code   138  stm32f10x_gpio.o(.text)
    GPIO_EXTILineConfig                      0x08001261   Thumb Code    66  stm32f10x_gpio.o(.text)
    GPIO_ETH_MediaInterfaceConfig            0x080012a3   Thumb Code     8  stm32f10x_gpio.o(.text)
    RCC_DeInit                               0x080012d1   Thumb Code    64  stm32f10x_rcc.o(.text)
    RCC_HSEConfig                            0x08001311   Thumb Code    70  stm32f10x_rcc.o(.text)
    RCC_GetFlagStatus                        0x08001357   Thumb Code    56  stm32f10x_rcc.o(.text)
    RCC_WaitForHSEStartUp                    0x0800138f   Thumb Code    56  stm32f10x_rcc.o(.text)
    RCC_AdjustHSICalibrationValue            0x080013c7   Thumb Code    20  stm32f10x_rcc.o(.text)
    RCC_HSICmd                               0x080013db   Thumb Code     6  stm32f10x_rcc.o(.text)
    RCC_PLLConfig                            0x080013e1   Thumb Code    24  stm32f10x_rcc.o(.text)
    RCC_PLLCmd                               0x080013f9   Thumb Code     6  stm32f10x_rcc.o(.text)
    RCC_SYSCLKConfig                         0x080013ff   Thumb Code    18  stm32f10x_rcc.o(.text)
    RCC_GetSYSCLKSource                      0x08001411   Thumb Code    10  stm32f10x_rcc.o(.text)
    RCC_HCLKConfig                           0x0800141b   Thumb Code    18  stm32f10x_rcc.o(.text)
    RCC_PCLK1Config                          0x0800142d   Thumb Code    18  stm32f10x_rcc.o(.text)
    RCC_PCLK2Config                          0x0800143f   Thumb Code    20  stm32f10x_rcc.o(.text)
    RCC_ITConfig                             0x08001453   Thumb Code    26  stm32f10x_rcc.o(.text)
    RCC_USBCLKConfig                         0x0800146d   Thumb Code     8  stm32f10x_rcc.o(.text)
    RCC_ADCCLKConfig                         0x08001475   Thumb Code    18  stm32f10x_rcc.o(.text)
    RCC_LSEConfig                            0x08001487   Thumb Code    50  stm32f10x_rcc.o(.text)
    RCC_LSICmd                               0x080014b9   Thumb Code     6  stm32f10x_rcc.o(.text)
    RCC_RTCCLKConfig                         0x080014bf   Thumb Code    12  stm32f10x_rcc.o(.text)
    RCC_RTCCLKCmd                            0x080014cb   Thumb Code     8  stm32f10x_rcc.o(.text)
    RCC_GetClocksFreq                        0x080014d3   Thumb Code   192  stm32f10x_rcc.o(.text)
    RCC_AHBPeriphClockCmd                    0x08001593   Thumb Code    26  stm32f10x_rcc.o(.text)
    RCC_APB2PeriphClockCmd                   0x080015ad   Thumb Code    26  stm32f10x_rcc.o(.text)
    RCC_APB1PeriphClockCmd                   0x080015c7   Thumb Code    26  stm32f10x_rcc.o(.text)
    RCC_APB2PeriphResetCmd                   0x080015e1   Thumb Code    26  stm32f10x_rcc.o(.text)
    RCC_APB1PeriphResetCmd                   0x080015fb   Thumb Code    26  stm32f10x_rcc.o(.text)
    RCC_BackupResetCmd                       0x08001615   Thumb Code     8  stm32f10x_rcc.o(.text)
    RCC_ClockSecuritySystemCmd               0x0800161d   Thumb Code     6  stm32f10x_rcc.o(.text)
    RCC_MCOConfig                            0x08001623   Thumb Code     6  stm32f10x_rcc.o(.text)
    RCC_ClearFlag                            0x08001629   Thumb Code    14  stm32f10x_rcc.o(.text)
    RCC_GetITStatus                          0x08001637   Thumb Code    20  stm32f10x_rcc.o(.text)
    RCC_ClearITPendingBit                    0x0800164b   Thumb Code     6  stm32f10x_rcc.o(.text)
    SPI_I2S_DeInit                           0x08001675   Thumb Code    76  stm32f10x_spi.o(.text)
    SPI_Init                                 0x080016c1   Thumb Code    60  stm32f10x_spi.o(.text)
    I2S_Init                                 0x080016fd   Thumb Code   226  stm32f10x_spi.o(.text)
    SPI_StructInit                           0x080017df   Thumb Code    24  stm32f10x_spi.o(.text)
    I2S_StructInit                           0x080017f7   Thumb Code    20  stm32f10x_spi.o(.text)
    SPI_Cmd                                  0x0800180b   Thumb Code    24  stm32f10x_spi.o(.text)
    I2S_Cmd                                  0x08001823   Thumb Code    24  stm32f10x_spi.o(.text)
    SPI_I2S_ITConfig                         0x0800183b   Thumb Code    32  stm32f10x_spi.o(.text)
    SPI_I2S_DMACmd                           0x0800185b   Thumb Code    18  stm32f10x_spi.o(.text)
    SPI_I2S_SendData                         0x0800186d   Thumb Code     4  stm32f10x_spi.o(.text)
    SPI_I2S_ReceiveData                      0x08001871   Thumb Code     6  stm32f10x_spi.o(.text)
    SPI_NSSInternalSoftwareConfig            0x08001877   Thumb Code    30  stm32f10x_spi.o(.text)
    SPI_SSOutputCmd                          0x08001895   Thumb Code    24  stm32f10x_spi.o(.text)
    SPI_DataSizeConfig                       0x080018ad   Thumb Code    18  stm32f10x_spi.o(.text)
    SPI_TransmitCRC                          0x080018bf   Thumb Code    10  stm32f10x_spi.o(.text)
    SPI_CalculateCRC                         0x080018c9   Thumb Code    24  stm32f10x_spi.o(.text)
    SPI_GetCRC                               0x080018e1   Thumb Code    16  stm32f10x_spi.o(.text)
    SPI_GetCRCPolynomial                     0x080018f1   Thumb Code     6  stm32f10x_spi.o(.text)
    SPI_BiDirectionalLineConfig              0x080018f7   Thumb Code    28  stm32f10x_spi.o(.text)
    SPI_I2S_GetFlagStatus                    0x08001913   Thumb Code    18  stm32f10x_spi.o(.text)
    SPI_I2S_ClearFlag                        0x08001925   Thumb Code     6  stm32f10x_spi.o(.text)
    SPI_I2S_GetITStatus                      0x0800192b   Thumb Code    52  stm32f10x_spi.o(.text)
    SPI_I2S_ClearITPendingBit                0x0800195f   Thumb Code    20  stm32f10x_spi.o(.text)
    TIM_DeInit                               0x08001981   Thumb Code   424  stm32f10x_tim.o(.text)
    TIM_TimeBaseInit                         0x08001b29   Thumb Code   122  stm32f10x_tim.o(.text)
    TIM_OC1Init                              0x08001ba3   Thumb Code   132  stm32f10x_tim.o(.text)
    TIM_OC2Init                              0x08001c27   Thumb Code   154  stm32f10x_tim.o(.text)
    TIM_OC3Init                              0x08001cc1   Thumb Code   150  stm32f10x_tim.o(.text)
    TIM_OC4Init                              0x08001d57   Thumb Code   182  stm32f10x_tim.o(.text)
    TIM_SetIC4Prescaler                      0x08001e0d   Thumb Code    26  stm32f10x_tim.o(.text)
    TIM_SetIC3Prescaler                      0x08001ea9   Thumb Code    18  stm32f10x_tim.o(.text)
    TIM_SetIC2Prescaler                      0x08001f35   Thumb Code    26  stm32f10x_tim.o(.text)
    TIM_SetIC1Prescaler                      0x08001fd1   Thumb Code    18  stm32f10x_tim.o(.text)
    TIM_ICInit                               0x0800204f   Thumb Code   150  stm32f10x_tim.o(.text)
    TIM_PWMIConfig                           0x080020e5   Thumb Code   124  stm32f10x_tim.o(.text)
    TIM_BDTRConfig                           0x08002161   Thumb Code    32  stm32f10x_tim.o(.text)
    TIM_TimeBaseStructInit                   0x08002181   Thumb Code    18  stm32f10x_tim.o(.text)
    TIM_OCStructInit                         0x08002193   Thumb Code    20  stm32f10x_tim.o(.text)
    TIM_ICStructInit                         0x080021a7   Thumb Code    18  stm32f10x_tim.o(.text)
    TIM_BDTRStructInit                       0x080021b9   Thumb Code    40  stm32f10x_tim.o(.text)
    TIM_Cmd                                  0x080021e1   Thumb Code    24  stm32f10x_tim.o(.text)
    TIM_CtrlPWMOutputs                       0x080021f9   Thumb Code    30  stm32f10x_tim.o(.text)
    TIM_ITConfig                             0x08002217   Thumb Code    18  stm32f10x_tim.o(.text)
    TIM_GenerateEvent                        0x08002229   Thumb Code     4  stm32f10x_tim.o(.text)
    TIM_DMAConfig                            0x0800222d   Thumb Code    10  stm32f10x_tim.o(.text)
    TIM_DMACmd                               0x08002237   Thumb Code    18  stm32f10x_tim.o(.text)
    TIM_InternalClockConfig                  0x08002249   Thumb Code    12  stm32f10x_tim.o(.text)
    TIM_SelectInputTrigger                   0x08002255   Thumb Code    18  stm32f10x_tim.o(.text)
    TIM_ITRxExternalClockConfig              0x08002267   Thumb Code    24  stm32f10x_tim.o(.text)
    TIM_TIxExternalClockConfig               0x0800227f   Thumb Code    62  stm32f10x_tim.o(.text)
    TIM_ETRConfig                            0x080022bd   Thumb Code    28  stm32f10x_tim.o(.text)
    TIM_ETRClockMode1Config                  0x080022d9   Thumb Code    54  stm32f10x_tim.o(.text)
    TIM_ETRClockMode2Config                  0x0800230f   Thumb Code    32  stm32f10x_tim.o(.text)
    TIM_PrescalerConfig                      0x0800232f   Thumb Code     6  stm32f10x_tim.o(.text)
    TIM_CounterModeConfig                    0x08002335   Thumb Code    18  stm32f10x_tim.o(.text)
    TIM_EncoderInterfaceConfig               0x08002347   Thumb Code    66  stm32f10x_tim.o(.text)
    TIM_ForcedOC1Config                      0x08002389   Thumb Code    18  stm32f10x_tim.o(.text)
    TIM_ForcedOC2Config                      0x0800239b   Thumb Code    26  stm32f10x_tim.o(.text)
    TIM_ForcedOC3Config                      0x080023b5   Thumb Code    18  stm32f10x_tim.o(.text)
    TIM_ForcedOC4Config                      0x080023c7   Thumb Code    26  stm32f10x_tim.o(.text)
    TIM_ARRPreloadConfig                     0x080023e1   Thumb Code    24  stm32f10x_tim.o(.text)
    TIM_SelectCOM                            0x080023f9   Thumb Code    24  stm32f10x_tim.o(.text)
    TIM_SelectCCDMA                          0x08002411   Thumb Code    24  stm32f10x_tim.o(.text)
    TIM_CCPreloadControl                     0x08002429   Thumb Code    24  stm32f10x_tim.o(.text)
    TIM_OC1PreloadConfig                     0x08002441   Thumb Code    18  stm32f10x_tim.o(.text)
    TIM_OC2PreloadConfig                     0x08002453   Thumb Code    26  stm32f10x_tim.o(.text)
    TIM_OC3PreloadConfig                     0x0800246d   Thumb Code    18  stm32f10x_tim.o(.text)
    TIM_OC4PreloadConfig                     0x0800247f   Thumb Code    26  stm32f10x_tim.o(.text)
    TIM_OC1FastConfig                        0x08002499   Thumb Code    18  stm32f10x_tim.o(.text)
    TIM_OC2FastConfig                        0x080024ab   Thumb Code    26  stm32f10x_tim.o(.text)
    TIM_OC3FastConfig                        0x080024c5   Thumb Code    18  stm32f10x_tim.o(.text)
    TIM_OC4FastConfig                        0x080024d7   Thumb Code    26  stm32f10x_tim.o(.text)
    TIM_ClearOC1Ref                          0x080024f1   Thumb Code    18  stm32f10x_tim.o(.text)
    TIM_ClearOC2Ref                          0x08002503   Thumb Code    24  stm32f10x_tim.o(.text)
    TIM_ClearOC3Ref                          0x0800251b   Thumb Code    18  stm32f10x_tim.o(.text)
    TIM_ClearOC4Ref                          0x0800252d   Thumb Code    24  stm32f10x_tim.o(.text)
    TIM_OC1PolarityConfig                    0x08002545   Thumb Code    18  stm32f10x_tim.o(.text)
    TIM_OC1NPolarityConfig                   0x08002557   Thumb Code    18  stm32f10x_tim.o(.text)
    TIM_OC2PolarityConfig                    0x08002569   Thumb Code    26  stm32f10x_tim.o(.text)
    TIM_OC2NPolarityConfig                   0x08002583   Thumb Code    26  stm32f10x_tim.o(.text)
    TIM_OC3PolarityConfig                    0x0800259d   Thumb Code    26  stm32f10x_tim.o(.text)
    TIM_OC3NPolarityConfig                   0x080025b7   Thumb Code    26  stm32f10x_tim.o(.text)
    TIM_OC4PolarityConfig                    0x080025d1   Thumb Code    26  stm32f10x_tim.o(.text)
    TIM_CCxCmd                               0x080025eb   Thumb Code    30  stm32f10x_tim.o(.text)
    TIM_CCxNCmd                              0x08002609   Thumb Code    30  stm32f10x_tim.o(.text)
    TIM_SelectOCxM                           0x08002627   Thumb Code    82  stm32f10x_tim.o(.text)
    TIM_UpdateDisableConfig                  0x08002679   Thumb Code    24  stm32f10x_tim.o(.text)
    TIM_UpdateRequestConfig                  0x08002691   Thumb Code    24  stm32f10x_tim.o(.text)
    TIM_SelectHallSensor                     0x080026a9   Thumb Code    24  stm32f10x_tim.o(.text)
    TIM_SelectOnePulseMode                   0x080026c1   Thumb Code    18  stm32f10x_tim.o(.text)
    TIM_SelectOutputTrigger                  0x080026d3   Thumb Code    18  stm32f10x_tim.o(.text)
    TIM_SelectSlaveMode                      0x080026e5   Thumb Code    18  stm32f10x_tim.o(.text)
    TIM_SelectMasterSlaveMode                0x080026f7   Thumb Code    18  stm32f10x_tim.o(.text)
    TIM_SetCounter                           0x08002709   Thumb Code     4  stm32f10x_tim.o(.text)
    TIM_SetAutoreload                        0x0800270d   Thumb Code     4  stm32f10x_tim.o(.text)
    TIM_SetCompare1                          0x08002711   Thumb Code     4  stm32f10x_tim.o(.text)
    TIM_SetCompare2                          0x08002715   Thumb Code     4  stm32f10x_tim.o(.text)
    TIM_SetCompare3                          0x08002719   Thumb Code     4  stm32f10x_tim.o(.text)
    TIM_SetCompare4                          0x0800271d   Thumb Code     6  stm32f10x_tim.o(.text)
    TIM_SetClockDivision                     0x08002723   Thumb Code    18  stm32f10x_tim.o(.text)
    TIM_GetCapture1                          0x08002735   Thumb Code     6  stm32f10x_tim.o(.text)
    TIM_GetCapture2                          0x0800273b   Thumb Code     6  stm32f10x_tim.o(.text)
    TIM_GetCapture3                          0x08002741   Thumb Code     6  stm32f10x_tim.o(.text)
    TIM_GetCapture4                          0x08002747   Thumb Code     8  stm32f10x_tim.o(.text)
    TIM_GetCounter                           0x0800274f   Thumb Code     6  stm32f10x_tim.o(.text)
    TIM_GetPrescaler                         0x08002755   Thumb Code     6  stm32f10x_tim.o(.text)
    TIM_GetFlagStatus                        0x0800275b   Thumb Code    18  stm32f10x_tim.o(.text)
    TIM_ClearFlag                            0x0800276d   Thumb Code     6  stm32f10x_tim.o(.text)
    TIM_GetITStatus                          0x08002773   Thumb Code    34  stm32f10x_tim.o(.text)
    TIM_ClearITPendingBit                    0x08002795   Thumb Code     6  stm32f10x_tim.o(.text)
    USART_DeInit                             0x0800279d   Thumb Code   134  stm32f10x_usart.o(.text)
    USART_Init                               0x08002823   Thumb Code   210  stm32f10x_usart.o(.text)
    USART_StructInit                         0x080028f5   Thumb Code    24  stm32f10x_usart.o(.text)
    USART_ClockInit                          0x0800290d   Thumb Code    34  stm32f10x_usart.o(.text)
    USART_ClockStructInit                    0x0800292f   Thumb Code    12  stm32f10x_usart.o(.text)
    USART_Cmd                                0x0800293b   Thumb Code    24  stm32f10x_usart.o(.text)
    USART_ITConfig                           0x08002953   Thumb Code    74  stm32f10x_usart.o(.text)
    USART_DMACmd                             0x0800299d   Thumb Code    18  stm32f10x_usart.o(.text)
    USART_SetAddress                         0x080029af   Thumb Code    18  stm32f10x_usart.o(.text)
    USART_WakeUpConfig                       0x080029c1   Thumb Code    18  stm32f10x_usart.o(.text)
    USART_ReceiverWakeUpCmd                  0x080029d3   Thumb Code    24  stm32f10x_usart.o(.text)
    USART_LINBreakDetectLengthConfig         0x080029eb   Thumb Code    18  stm32f10x_usart.o(.text)
    USART_LINCmd                             0x080029fd   Thumb Code    24  stm32f10x_usart.o(.text)
    USART_SendData                           0x08002a15   Thumb Code     8  stm32f10x_usart.o(.text)
    USART_ReceiveData                        0x08002a1d   Thumb Code    10  stm32f10x_usart.o(.text)
    USART_SendBreak                          0x08002a27   Thumb Code    10  stm32f10x_usart.o(.text)
    USART_SetGuardTime                       0x08002a31   Thumb Code    16  stm32f10x_usart.o(.text)
    USART_SetPrescaler                       0x08002a41   Thumb Code    16  stm32f10x_usart.o(.text)
    USART_SmartCardCmd                       0x08002a51   Thumb Code    24  stm32f10x_usart.o(.text)
    USART_SmartCardNACKCmd                   0x08002a69   Thumb Code    24  stm32f10x_usart.o(.text)
    USART_HalfDuplexCmd                      0x08002a81   Thumb Code    24  stm32f10x_usart.o(.text)
    USART_OverSampling8Cmd                   0x08002a99   Thumb Code    22  stm32f10x_usart.o(.text)
    USART_OneBitMethodCmd                    0x08002aaf   Thumb Code    24  stm32f10x_usart.o(.text)
    USART_IrDAConfig                         0x08002ac7   Thumb Code    18  stm32f10x_usart.o(.text)
    USART_IrDACmd                            0x08002ad9   Thumb Code    24  stm32f10x_usart.o(.text)
    USART_GetFlagStatus                      0x08002af1   Thumb Code    26  stm32f10x_usart.o(.text)
    USART_ClearFlag                          0x08002b0b   Thumb Code    18  stm32f10x_usart.o(.text)
    USART_GetITStatus                        0x08002b1d   Thumb Code    84  stm32f10x_usart.o(.text)
    USART_ClearITPendingBit                  0x08002b71   Thumb Code    52  stm32f10x_usart.o(.text)
    delay_init                               0x08002ba5   Thumb Code    50  delay.o(.text)
    delay_us                                 0x08002bd7   Thumb Code    72  delay.o(.text)
    delay_ms                                 0x08002c1f   Thumb Code    72  delay.o(.text)
    _sys_exit                                0x08002c79   Thumb Code     6  usart.o(.text)
    fputc                                    0x08002c7f   Thumb Code    24  usart.o(.text)
    uart_init                                0x08002c97   Thumb Code   152  usart.o(.text)
    USART1_IRQHandler                        0x08002d2f   Thumb Code   122  usart.o(.text)
    Adc_Init                                 0x08002db9   Thumb Code   152  adc.o(.text)
    Get_Adc                                  0x08002e51   Thumb Code    46  adc.o(.text)
    Get_Adc_Average                          0x08002e7f   Thumb Code    46  adc.o(.text)
    DHT11_Rst                                0x08002eb5   Thumb Code    52  dht11.o(.text)
    DHT11_Check                              0x08002ee9   Thumb Code    96  dht11.o(.text)
    DHT11_Read_Bit                           0x08002f49   Thumb Code    76  dht11.o(.text)
    DHT11_Read_Byte                          0x08002f95   Thumb Code    30  dht11.o(.text)
    DHT11_Read_Data                          0x08002fb3   Thumb Code    88  dht11.o(.text)
    DHT11_Init                               0x0800300b   Thumb Code    54  dht11.o(.text)
    DMA_Config                               0x0800304d   Thumb Code    68  dma.o(.text)
    KEY_Init                                 0x0800309d   Thumb Code    62  key.o(.text)
    KEY_Scan                                 0x080030db   Thumb Code   138  key.o(.text)
    LCD_WR_REG                               0x08003175   Thumb Code    60  lcd.o(.text)
    LCD_WR_DATAX                             0x080031b1   Thumb Code    60  lcd.o(.text)
    LCD_RD_DATA                              0x080031ed   Thumb Code   118  lcd.o(.text)
    LCD_WriteReg                             0x08003263   Thumb Code    68  lcd.o(.text)
    LCD_ReadReg                              0x080032a7   Thumb Code    16  lcd.o(.text)
    LCD_WriteRAM_Prepare                     0x080032b7   Thumb Code    12  lcd.o(.text)
    LCD_WriteRAM                             0x080032c3   Thumb Code    60  lcd.o(.text)
    LCD_BGR2RGB                              0x080032ff   Thumb Code    26  lcd.o(.text)
    LCD_SetCursor                            0x08003319   Thumb Code   860  lcd.o(.text)
    LCD_ReadPoint                            0x08003675   Thumb Code   464  lcd.o(.text)
    LCD_DisplayOn                            0x08003845   Thumb Code    80  lcd.o(.text)
    LCD_DisplayOff                           0x08003895   Thumb Code    78  lcd.o(.text)
    LCD_Scan_Dir                             0x080038e3   Thumb Code  1504  lcd.o(.text)
    LCD_DrawPoint                            0x08003ec3   Thumb Code    76  lcd.o(.text)
    LCD_Fast_DrawPoint                       0x08003f0f   Thumb Code   980  lcd.o(.text)
    LCD_Display_Dir                          0x080042e3   Thumb Code   420  lcd.o(.text)
    LCD_Set_Window                           0x08004487   Thumb Code  1212  lcd.o(.text)
    LCD_Clear                                0x08004943   Thumb Code   164  lcd.o(.text)
    LCD_Init                                 0x080049e7   Thumb Code 14876  lcd.o(.text)
    LCD_Fill                                 0x08008403   Thumb Code   226  lcd.o(.text)
    LCD_Color_Fill                           0x080084e5   Thumb Code   140  lcd.o(.text)
    LCD_DrawLine                             0x08008571   Thumb Code   176  lcd.o(.text)
    LCD_DrawRectangle                        0x08008621   Thumb Code    80  lcd.o(.text)
    LCD_Draw_Circle                          0x08008671   Thumb Code   176  lcd.o(.text)
    LCD_ShowChar                             0x08008721   Thumb Code   272  lcd.o(.text)
    LCD_Pow                                  0x08008831   Thumb Code    22  lcd.o(.text)
    LCD_ShowNum                              0x08008847   Thumb Code   148  lcd.o(.text)
    LCD_ShowxNum                             0x080088db   Thumb Code   190  lcd.o(.text)
    LCD_ShowString                           0x08008999   Thumb Code   102  lcd.o(.text)
    LED_Init                                 0x08008a19   Thumb Code    90  led.o(.text)
    TIM4_Set                                 0x08008a7d   Thumb Code    34  usart2.o(.text)
    USART2_IRQHandler                        0x08008a9f   Thumb Code    84  usart2.o(.text)
    TIM4_Init                                0x08008af3   Thumb Code    82  usart2.o(.text)
    UART_DMA_Config                          0x08008b45   Thumb Code    72  usart2.o(.text)
    USART2_Init                              0x08008b8d   Thumb Code   206  usart2.o(.text)
    UART_DMA_Enable                          0x08008c5b   Thumb Code    32  usart2.o(.text)
    u2_printf                                0x08008c7b   Thumb Code    56  usart2.o(.text)
    TIM4_IRQHandler                          0x08008cb3   Thumb Code    40  usart2.o(.text)
    MPU_Write_Byte                           0x08008cf9   Thumb Code    68  mpu6050.o(.text)
    MPU_Set_LPF                              0x08008d3d   Thumb Code    58  mpu6050.o(.text)
    MPU_Set_Rate                             0x08008d77   Thumb Code    58  mpu6050.o(.text)
    MPU_Read_Byte                            0x08008db1   Thumb Code    58  mpu6050.o(.text)
    MPU_Set_Accel_Fsr                        0x08008deb   Thumb Code    16  mpu6050.o(.text)
    MPU_Set_Gyro_Fsr                         0x08008dfb   Thumb Code    16  mpu6050.o(.text)
    MPU_Init                                 0x08008e0b   Thumb Code   124  mpu6050.o(.text)
    MPU_Read_Len                             0x08008e87   Thumb Code   116  mpu6050.o(.text)
    MPU_Get_Temperature                      0x08008efb   Thumb Code    86  mpu6050.o(.text)
    MPU_Get_Gyroscope                        0x08008f51   Thumb Code    80  mpu6050.o(.text)
    MPU_Get_Accelerometer                    0x08008fa1   Thumb Code    80  mpu6050.o(.text)
    MPU_Write_Len                            0x08008ff1   Thumb Code    96  mpu6050.o(.text)
    MPU_IIC_Delay                            0x08009061   Thumb Code    10  mpuiic.o(.text)
    MPU_IIC_Init                             0x0800906b   Thumb Code    50  mpuiic.o(.text)
    MPU_IIC_Start                            0x0800909d   Thumb Code    60  mpuiic.o(.text)
    MPU_IIC_Stop                             0x080090d9   Thumb Code    62  mpuiic.o(.text)
    MPU_IIC_Wait_Ack                         0x08009117   Thumb Code    86  mpuiic.o(.text)
    MPU_IIC_Ack                              0x0800916d   Thumb Code    66  mpuiic.o(.text)
    MPU_IIC_NAck                             0x080091af   Thumb Code    66  mpuiic.o(.text)
    MPU_IIC_Send_Byte                        0x080091f1   Thumb Code    82  mpuiic.o(.text)
    MPU_IIC_Read_Byte                        0x08009243   Thumb Code    96  mpuiic.o(.text)
    TIM3_Int_Init                            0x080092b1   Thumb Code    90  timer.o(.text)
    TIM3_IRQHandler                          0x0800930b   Thumb Code    32  timer.o(.text)
    SPI1_ReadWriteByte                       0x08009335   Thumb Code    78  spi.o(.text)
    SPI1_Init                                0x08009383   Thumb Code   108  spi.o(.text)
    SPI1_SetSpeed                            0x080093ef   Thumb Code    34  spi.o(.text)
    NRF24L01_Init                            0x0800941d   Thumb Code   196  24l01.o(.text)
    NRF24L01_Read_Buf                        0x080094e1   Thumb Code    56  24l01.o(.text)
    NRF24L01_Write_Buf                       0x08009519   Thumb Code    56  24l01.o(.text)
    NRF24L01_Check                           0x08009551   Thumb Code    72  24l01.o(.text)
    NRF24L01_Write_Reg                       0x08009599   Thumb Code    38  24l01.o(.text)
    NRF24L01_Read_Reg                        0x080095bf   Thumb Code    36  24l01.o(.text)
    NRF24L01_TxPacket                        0x080095e3   Thumb Code    94  24l01.o(.text)
    NRF24L01_RxPacket                        0x08009641   Thumb Code    58  24l01.o(.text)
    NRF24L01_RX_Mode                         0x0800967b   Thumb Code    76  24l01.o(.text)
    NRF24L01_TX_Mode                         0x080096c7   Thumb Code    86  24l01.o(.text)
    atk_8266_at_response                     0x08009749   Thumb Code    46  common.o(.text)
    atk_8266_check_cmd                       0x08009777   Thumb Code    44  common.o(.text)
    atk_8266_send_cmd                        0x080097a3   Thumb Code    92  common.o(.text)
    atk_8266_send_data                       0x080097ff   Thumb Code    84  common.o(.text)
    atk_8266_quit_trans                      0x08009853   Thumb Code   100  common.o(.text)
    atk_8266_consta_check                    0x080098b7   Thumb Code    36  common.o(.text)
    atk_8266_get_wanip                       0x080098db   Thumb Code    58  common.o(.text)
    atk_8266_test                            0x08009915   Thumb Code   202  common.o(.text)
    atk_8266_load_keyboard                   0x080099df   Thumb Code   268  common.o(.text)
    atk_8266_ip_set                          0x08009aeb   Thumb Code   548  common.o(.text)
    atk_8266_wificonf_show                   0x08009d0f   Thumb Code   190  common.o(.text)
    atk_8266_wifista_test                    0x08009e11   Thumb Code   862  wifista.o(.text)
    mymemcpy                                 0x0800a379   Thumb Code    26  malloc.o(.text)
    mymemset                                 0x0800a393   Thumb Code    20  malloc.o(.text)
    mem_init                                 0x0800a3a7   Thumb Code    38  malloc.o(.text)
    mem_perused                              0x0800a3cd   Thumb Code    42  malloc.o(.text)
    mem_malloc                               0x0800a3f7   Thumb Code   116  malloc.o(.text)
    mem_free                                 0x0800a46b   Thumb Code    66  malloc.o(.text)
    myfree                                   0x0800a4ad   Thumb Code    24  malloc.o(.text)
    mymalloc                                 0x0800a4c5   Thumb Code    28  malloc.o(.text)
    myrealloc                                0x0800a4e1   Thumb Code    50  malloc.o(.text)
    usmart_sys_cmd_exe                       0x0800a519   Thumb Code  1554  usmart.o(.text)
    usmart_reset_runtime                     0x0800ab2b   Thumb Code    34  usmart.o(.text)
    usmart_get_runtime                       0x0800ab4d   Thumb Code    58  usmart.o(.text)
    TIM2_IRQHandler                          0x0800ab87   Thumb Code    52  usmart.o(.text)
    Timer2_Init                              0x0800abbb   Thumb Code    90  usmart.o(.text)
    usmart_init                              0x0800ac15   Thumb Code    36  usmart.o(.text)
    usmart_cmd_rec                           0x0800ac39   Thumb Code   170  usmart.o(.text)
    usmart_exe                               0x0800ace3   Thumb Code   868  usmart.o(.text)
    usmart_scan                              0x0800b047   Thumb Code   120  usmart.o(.text)
    read_addr                                0x0800b0bf   Thumb Code     6  usmart.o(.text)
    write_addr                               0x0800b0c5   Thumb Code     4  usmart.o(.text)
    usmart_strcmp                            0x0800b151   Thumb Code    34  usmart_str.o(.text)
    usmart_strcopy                           0x0800b173   Thumb Code    22  usmart_str.o(.text)
    usmart_strlen                            0x0800b189   Thumb Code    24  usmart_str.o(.text)
    usmart_pow                               0x0800b1a1   Thumb Code    22  usmart_str.o(.text)
    usmart_str2num                           0x0800b1b7   Thumb Code   202  usmart_str.o(.text)
    usmart_get_cmdname                       0x0800b281   Thumb Code    54  usmart_str.o(.text)
    usmart_search_nextc                      0x0800b2b7   Thumb Code    22  usmart_str.o(.text)
    usmart_get_fname                         0x0800b2cd   Thumb Code   440  usmart_str.o(.text)
    usmart_get_aparm                         0x0800b485   Thumb Code   200  usmart_str.o(.text)
    usmart_get_parmpos                       0x0800b54d   Thumb Code    26  usmart_str.o(.text)
    usmart_get_fparam                        0x0800b567   Thumb Code   262  usmart_str.o(.text)
    Get_HzMat                                0x0800b679   Thumb Code     2  text.o(.text)
    Show_Font                                0x0800b67b   Thumb Code   190  text.o(.text)
    Show_Str                                 0x0800b739   Thumb Code   194  text.o(.text)
    Show_Str_Mid                             0x0800b7fb   Thumb Code   106  text.o(.text)
    __use_no_semihosting                     0x0800b871   Thumb Code     2  use_no_semi_2.o(.text)
    __c89vsprintf                            0x0800b875   Thumb Code    32  c89vsprintf.o(.text)
    __2printf                                0x0800b899   Thumb Code    20  __2printf.o(.text)
    __2sprintf                               0x0800b8b1   Thumb Code    38  __2sprintf.o(.text)
    _printf_pre_padding                      0x0800b8dd   Thumb Code    44  _printf_pad.o(.text)
    _printf_post_padding                     0x0800b909   Thumb Code    34  _printf_pad.o(.text)
    _printf_str                              0x0800b92b   Thumb Code    82  _printf_str.o(.text)
    _printf_int_dec                          0x0800b97d   Thumb Code   104  _printf_dec.o(.text)
    _printf_longlong_hex                     0x0800b9f5   Thumb Code    86  _printf_hex_int_ll_ptr.o(.text)
    _printf_int_hex                          0x0800ba4b   Thumb Code    28  _printf_hex_int_ll_ptr.o(.text)
    _printf_ll_hex                           0x0800ba67   Thumb Code    12  _printf_hex_int_ll_ptr.o(.text)
    _printf_hex_ptr                          0x0800ba73   Thumb Code    18  _printf_hex_int_ll_ptr.o(.text)
    __printf                                 0x0800ba89   Thumb Code   388  __printf_flags_ss_wp.o(.text)
    strstr                                   0x0800bc11   Thumb Code    36  strstr.o(.text)
    strlen                                   0x0800bc35   Thumb Code    62  strlen.o(.text)
    __use_two_region_memory                  0x0800bc73   Thumb Code     2  heapauxi.o(.text)
    __rt_heap_escrow$2region                 0x0800bc75   Thumb Code     2  heapauxi.o(.text)
    __rt_heap_expand$2region                 0x0800bc77   Thumb Code     2  heapauxi.o(.text)
    __I$use$semihosting                      0x0800bc79   Thumb Code     0  use_no_semi.o(.text)
    __use_no_semihosting_swi                 0x0800bc79   Thumb Code     2  use_no_semi.o(.text)
    _printf_truncate_signed                  0x0800bc7b   Thumb Code    18  _printf_truncate.o(.text)
    _printf_truncate_unsigned                0x0800bc8d   Thumb Code    18  _printf_truncate.o(.text)
    _printf_int_common                       0x0800bc9f   Thumb Code   178  _printf_intcommon.o(.text)
    _printf_charcount                        0x0800bd51   Thumb Code    40  _printf_charcount.o(.text)
    _printf_char_common                      0x0800bd83   Thumb Code    32  _printf_char_common.o(.text)
    _sputc                                   0x0800bda9   Thumb Code    10  _sputc.o(.text)
    _printf_cs_common                        0x0800bdb3   Thumb Code    20  _printf_char.o(.text)
    _printf_char                             0x0800bdc7   Thumb Code    16  _printf_char.o(.text)
    _printf_string                           0x0800bdd7   Thumb Code     8  _printf_char.o(.text)
    _printf_char_file                        0x0800bde1   Thumb Code    32  _printf_char_file.o(.text)
    _printf_wctomb                           0x0800be05   Thumb Code   182  _printf_wctomb.o(.text)
    _printf_longlong_dec                     0x0800bec1   Thumb Code   108  _printf_longlong_dec.o(.text)
    _printf_longlong_oct                     0x0800bf3d   Thumb Code    68  _printf_oct_int_ll.o(.text)
    _printf_int_oct                          0x0800bf81   Thumb Code    24  _printf_oct_int_ll.o(.text)
    _printf_ll_oct                           0x0800bf99   Thumb Code    12  _printf_oct_int_ll.o(.text)
    _ll_udiv10                               0x0800bfad   Thumb Code   138  lludiv10.o(.text)
    __lib_sel_fp_printf                      0x0800c037   Thumb Code     2  _printf_fp_dec.o(.text)
    _printf_fp_dec_real                      0x0800c1e5   Thumb Code   620  _printf_fp_dec.o(.text)
    _printf_lcs_common                       0x0800c451   Thumb Code    20  _printf_wchar.o(.text)
    _printf_wchar                            0x0800c465   Thumb Code    16  _printf_wchar.o(.text)
    _printf_wstring                          0x0800c475   Thumb Code     8  _printf_wchar.o(.text)
    ferror                                   0x0800c47d   Thumb Code     8  ferror.o(.text)
    _wcrtomb                                 0x0800c485   Thumb Code    64  _wcrtomb.o(.text)
    __user_libspace                          0x0800c4c5   Thumb Code     8  libspace.o(.text)
    __user_perproc_libspace                  0x0800c4c5   Thumb Code     0  libspace.o(.text)
    __user_perthread_libspace                0x0800c4c5   Thumb Code     0  libspace.o(.text)
    __user_setup_stackheap                   0x0800c4cd   Thumb Code    74  sys_stackheap_outer.o(.text)
    __rt_ctype_table                         0x0800c519   Thumb Code    16  rt_ctype_table.o(.text)
    __rt_locale                              0x0800c529   Thumb Code     8  rt_locale_intlibspace.o(.text)
    _printf_fp_infnan                        0x0800c531   Thumb Code   112  _printf_fp_infnan.o(.text)
    _btod_etento                             0x0800c5b1   Thumb Code   216  bigflt0.o(.text)
    exit                                     0x0800c68d   Thumb Code    12  exit.o(.text)
    strcmp                                   0x0800c699   Thumb Code   128  strcmpv7m.o(.text)
    _btod_d2e                                0x0800c719   Thumb Code    62  btod.o(CL$$btod_d2e)
    _d2e_denorm_low                          0x0800c757   Thumb Code    70  btod.o(CL$$btod_d2e_denorm_low)
    _d2e_norm_op1                            0x0800c79d   Thumb Code    96  btod.o(CL$$btod_d2e_norm_op1)
    __btod_div_common                        0x0800c7fd   Thumb Code   696  btod.o(CL$$btod_div_common)
    _e2e                                     0x0800cb35   Thumb Code   198  btod.o(CL$$btod_e2e)
    _btod_ediv                               0x0800cbfb   Thumb Code    40  btod.o(CL$$btod_ediv)
    _btod_emul                               0x0800cc23   Thumb Code    40  btod.o(CL$$btod_emul)
    __btod_mult_common                       0x0800cc4b   Thumb Code   580  btod.o(CL$$btod_mult_common)
    __ARM_fpclassify                         0x0800ce8f   Thumb Code    40  fpclassify.o(i.__ARM_fpclassify)
    _is_digit                                0x0800ceb7   Thumb Code    14  __printf_wp.o(i._is_digit)
    _get_lc_numeric                          0x0800cec5   Thumb Code    44  lc_numeric_c.o(locale$$code)
    _get_lc_ctype                            0x0800cef1   Thumb Code    44  lc_ctype_c.o(locale$$code)
    __aeabi_d2f                              0x0800cf1d   Thumb Code     0  d2f.o(x$fpl$d2f)
    _d2f                                     0x0800cf1d   Thumb Code    98  d2f.o(x$fpl$d2f)
    __aeabi_dadd                             0x0800cf81   Thumb Code     0  daddsub_clz.o(x$fpl$dadd)
    _dadd                                    0x0800cf81   Thumb Code   332  daddsub_clz.o(x$fpl$dadd)
    __aeabi_ddiv                             0x0800d0d1   Thumb Code     0  ddiv.o(x$fpl$ddiv)
    _ddiv                                    0x0800d0d1   Thumb Code   552  ddiv.o(x$fpl$ddiv)
    __aeabi_i2d                              0x0800d381   Thumb Code     0  dflt_clz.o(x$fpl$dflt)
    _dflt                                    0x0800d381   Thumb Code    46  dflt_clz.o(x$fpl$dflt)
    __fpl_dnaninf                            0x0800d3af   Thumb Code   156  dnaninf.o(x$fpl$dnaninf)
    __fpl_dretinf                            0x0800d44b   Thumb Code    12  dretinf.o(x$fpl$dretinf)
    __aeabi_dsub                             0x0800d459   Thumb Code     0  daddsub_clz.o(x$fpl$dsub)
    _dsub                                    0x0800d459   Thumb Code   464  daddsub_clz.o(x$fpl$dsub)
    __aeabi_f2iz                             0x0800d62d   Thumb Code     0  ffix.o(x$fpl$ffix)
    _ffix                                    0x0800d62d   Thumb Code    54  ffix.o(x$fpl$ffix)
    __aeabi_fmul                             0x0800d665   Thumb Code     0  fmul.o(x$fpl$fmul)
    _fmul                                    0x0800d665   Thumb Code   258  fmul.o(x$fpl$fmul)
    __fpl_fnaninf                            0x0800d767   Thumb Code   140  fnaninf.o(x$fpl$fnaninf)
    __fpl_fretinf                            0x0800d7f3   Thumb Code    10  fretinf.o(x$fpl$fretinf)
    _printf_fp_dec                           0x0800d7fd   Thumb Code     4  printf1.o(x$fpl$printf1)
    __I$use$fp                               0x0800d800   Number         0  usenofp.o(x$fpl$usenofp)
    asc2_1206                                0x0800d800   Data        1140  lcd.o(.constdata)
    asc2_1608                                0x0800dc74   Data        1520  lcd.o(.constdata)
    asc2_2412                                0x0800e264   Data        3420  lcd.o(.constdata)
    TX_ADDRESS                               0x0800efc0   Data           5  24l01.o(.constdata)
    RX_ADDRESS                               0x0800efc5   Data           5  24l01.o(.constdata)
    Region$$Table$$Base                      0x0800f1d8   Number         0  anon$$obj.o(Region$$Table)
    Region$$Table$$Limit                     0x0800f1f8   Number         0  anon$$obj.o(Region$$Table)
    __ctype                                  0x0800f221   Data           0  lc_ctype_c.o(locale$$data)
    SystemCoreClock                          0x20000000   Data           4  system_stm32f10x.o(.data)
    AHBPrescTable                            0x20000004   Data          16  system_stm32f10x.o(.data)
    __stdout                                 0x2000002c   Data           4  usart.o(.data)
    USART_RX_STA                             0x20000030   Data           2  usart.o(.data)
    POINT_COLOR                              0x20000034   Data           2  lcd.o(.data)
    BACK_COLOR                               0x20000036   Data           2  lcd.o(.data)
    USART2_RX_STA                            0x20000038   Data           2  usart2.o(.data)
    t                                        0x2000003c   Data           1  timer.o(.data)
    mpu6050                                  0x2000003d   Data           1  timer.o(.data)
    temperature                              0x2000003e   Data           1  timer.o(.data)
    humidity                                 0x2000003f   Data           1  timer.o(.data)
    door                                     0x20000040   Data           1  timer.o(.data)
    adcx0                                    0x20000042   Data           2  timer.o(.data)
    adcx1                                    0x20000044   Data           2  timer.o(.data)
    temp                                     0x20000048   Data           4  timer.o(.data)
    DefaultKey                               0x2000004c   Data           6  timer.o(.data)
    portnum                                  0x20000054   Data           4  common.o(.data)
    wifista_ssid                             0x20000058   Data           4  common.o(.data)
    wifista_encryption                       0x2000005c   Data           4  common.o(.data)
    wifista_password                         0x20000060   Data           4  common.o(.data)
    ATK_ESP8266_WORKMODE_TBL                 0x20000064   Data          12  common.o(.data)
    kbd_tbl                                  0x20000070   Data          52  common.o(.data)
    kbd_fn_tbl                               0x200000a4   Data           8  common.o(.data)
    mallco_dev                               0x200000ac   Data          20  malloc.o(.data)
    sys_cmd_tab                              0x200000c0   Data          28  usmart.o(.data)
    usmart_nametab                           0x200000dc   Data          32  usmart_config.o(.data)
    usmart_dev                               0x200000fc   Data         244  usmart_config.o(.data)
    buf                                      0x200001f0   Data          10  main.o(.bss)
    tmp_buf                                  0x200001fa   Data          33  main.o(.bss)
    USART_RX_BUF                             0x2000021b   Data         200  usart.o(.bss)
    lcddev                                   0x200002e4   Data          14  lcd.o(.bss)
    USART2_TX_BUF                            0x200002f8   Data        1024  usart2.o(.bss)
    USART2_RX_BUF                            0x200006f8   Data        1024  usart2.o(.bss)
    SPI_InitStructure                        0x20000af8   Data          18  spi.o(.bss)
    membase                                  0x20000b0c   Data       35840  malloc.o(.bss)
    memmapbase                               0x2000970c   Data        2240  malloc.o(.bss)
    __libspace_start                         0x20009fcc   Data          96  libspace.o(.bss)
    __temporary_stack_top$libspace           0x2000a02c   Data           0  libspace.o(.bss)



==============================================================================

Memory Map of the image

  Image Entry point : 0x08000131

  Load Region LR_IROM1 (Base: 0x08000000, Size: 0x0000f514, Max: 0x00040000, ABSOLUTE, COMPRESSED[0x0000f3d8])

    Execution Region ER_IROM1 (Base: 0x08000000, Size: 0x0000f324, Max: 0x00040000, ABSOLUTE)

    Base Addr    Size         Type   Attr      Idx    E Section Name        Object

    0x08000000   0x00000130   Data   RO          257    RESET               startup_stm32f10x_hd.o
    0x08000130   0x00000008   Code   RO         1053  * !!!main             c_w.l(__main.o)
    0x08000138   0x00000034   Code   RO         1473    !!!scatter          c_w.l(__scatter.o)
    0x0800016c   0x0000005a   Code   RO         1471    !!dczerorl2         c_w.l(__dczerorl2.o)
    0x080001c6   0x00000002   PAD
    0x080001c8   0x0000001c   Code   RO         1475    !!handler_zi        c_w.l(__scatter_zi.o)
    0x080001e4   0x00000000   Code   RO         1042    .ARM.Collect$$_printf_percent$$00000000  c_w.l(_printf_percent.o)
    0x080001e4   0x00000006   Code   RO         1163    .ARM.Collect$$_printf_percent$$00000001  c_w.l(_printf_n.o)
    0x080001ea   0x00000006   Code   RO         1164    .ARM.Collect$$_printf_percent$$00000002  c_w.l(_printf_p.o)
    0x080001f0   0x00000006   Code   RO         1167    .ARM.Collect$$_printf_percent$$00000003  c_w.l(_printf_f.o)
    0x080001f6   0x00000006   Code   RO         1168    .ARM.Collect$$_printf_percent$$00000004  c_w.l(_printf_e.o)
    0x080001fc   0x00000006   Code   RO         1169    .ARM.Collect$$_printf_percent$$00000005  c_w.l(_printf_g.o)
    0x08000202   0x00000006   Code   RO         1170    .ARM.Collect$$_printf_percent$$00000006  c_w.l(_printf_a.o)
    0x08000208   0x0000000a   Code   RO         1175    .ARM.Collect$$_printf_percent$$00000007  c_w.l(_printf_ll.o)
    0x08000212   0x00000006   Code   RO         1166    .ARM.Collect$$_printf_percent$$00000008  c_w.l(_printf_i.o)
    0x08000218   0x00000006   Code   RO         1040    .ARM.Collect$$_printf_percent$$00000009  c_w.l(_printf_d.o)
    0x0800021e   0x00000006   Code   RO         1041    .ARM.Collect$$_printf_percent$$0000000A  c_w.l(_printf_u.o)
    0x08000224   0x00000006   Code   RO         1165    .ARM.Collect$$_printf_percent$$0000000B  c_w.l(_printf_o.o)
    0x0800022a   0x00000006   Code   RO         1039    .ARM.Collect$$_printf_percent$$0000000C  c_w.l(_printf_x.o)
    0x08000230   0x00000006   Code   RO         1172    .ARM.Collect$$_printf_percent$$0000000D  c_w.l(_printf_lli.o)
    0x08000236   0x00000006   Code   RO         1173    .ARM.Collect$$_printf_percent$$0000000E  c_w.l(_printf_lld.o)
    0x0800023c   0x00000006   Code   RO         1174    .ARM.Collect$$_printf_percent$$0000000F  c_w.l(_printf_llu.o)
    0x08000242   0x00000006   Code   RO         1179    .ARM.Collect$$_printf_percent$$00000010  c_w.l(_printf_llo.o)
    0x08000248   0x00000006   Code   RO         1180    .ARM.Collect$$_printf_percent$$00000011  c_w.l(_printf_llx.o)
    0x0800024e   0x0000000a   Code   RO         1176    .ARM.Collect$$_printf_percent$$00000012  c_w.l(_printf_l.o)
    0x08000258   0x00000006   Code   RO         1037    .ARM.Collect$$_printf_percent$$00000013  c_w.l(_printf_c.o)
    0x0800025e   0x00000006   Code   RO         1038    .ARM.Collect$$_printf_percent$$00000014  c_w.l(_printf_s.o)
    0x08000264   0x00000006   Code   RO         1177    .ARM.Collect$$_printf_percent$$00000015  c_w.l(_printf_lc.o)
    0x0800026a   0x00000006   Code   RO         1178    .ARM.Collect$$_printf_percent$$00000016  c_w.l(_printf_ls.o)
    0x08000270   0x00000004   Code   RO         1171    .ARM.Collect$$_printf_percent$$00000017  c_w.l(_printf_percent_end.o)
    0x08000274   0x00000002   Code   RO         1332    .ARM.Collect$$libinit$$00000000  c_w.l(libinit.o)
    0x08000276   0x00000000   Code   RO         1351    .ARM.Collect$$libinit$$00000002  c_w.l(libinit2.o)
    0x08000276   0x00000000   Code   RO         1353    .ARM.Collect$$libinit$$00000004  c_w.l(libinit2.o)
    0x08000276   0x00000000   Code   RO         1356    .ARM.Collect$$libinit$$0000000A  c_w.l(libinit2.o)
    0x08000276   0x00000000   Code   RO         1358    .ARM.Collect$$libinit$$0000000C  c_w.l(libinit2.o)
    0x08000276   0x00000000   Code   RO         1360    .ARM.Collect$$libinit$$0000000E  c_w.l(libinit2.o)
    0x08000276   0x00000006   Code   RO         1361    .ARM.Collect$$libinit$$0000000F  c_w.l(libinit2.o)
    0x0800027c   0x00000000   Code   RO         1363    .ARM.Collect$$libinit$$00000011  c_w.l(libinit2.o)
    0x0800027c   0x0000000c   Code   RO         1364    .ARM.Collect$$libinit$$00000012  c_w.l(libinit2.o)
    0x08000288   0x00000000   Code   RO         1365    .ARM.Collect$$libinit$$00000013  c_w.l(libinit2.o)
    0x08000288   0x00000000   Code   RO         1367    .ARM.Collect$$libinit$$00000015  c_w.l(libinit2.o)
    0x08000288   0x0000000a   Code   RO         1368    .ARM.Collect$$libinit$$00000016  c_w.l(libinit2.o)
    0x08000292   0x00000000   Code   RO         1369    .ARM.Collect$$libinit$$00000017  c_w.l(libinit2.o)
    0x08000292   0x00000000   Code   RO         1371    .ARM.Collect$$libinit$$00000019  c_w.l(libinit2.o)
    0x08000292   0x00000000   Code   RO         1373    .ARM.Collect$$libinit$$0000001B  c_w.l(libinit2.o)
    0x08000292   0x00000000   Code   RO         1375    .ARM.Collect$$libinit$$0000001D  c_w.l(libinit2.o)
    0x08000292   0x00000000   Code   RO         1377    .ARM.Collect$$libinit$$0000001F  c_w.l(libinit2.o)
    0x08000292   0x00000000   Code   RO         1379    .ARM.Collect$$libinit$$00000021  c_w.l(libinit2.o)
    0x08000292   0x00000000   Code   RO         1381    .ARM.Collect$$libinit$$00000023  c_w.l(libinit2.o)
    0x08000292   0x00000000   Code   RO         1383    .ARM.Collect$$libinit$$00000025  c_w.l(libinit2.o)
    0x08000292   0x00000000   Code   RO         1387    .ARM.Collect$$libinit$$0000002C  c_w.l(libinit2.o)
    0x08000292   0x00000000   Code   RO         1389    .ARM.Collect$$libinit$$0000002E  c_w.l(libinit2.o)
    0x08000292   0x00000000   Code   RO         1391    .ARM.Collect$$libinit$$00000030  c_w.l(libinit2.o)
    0x08000292   0x00000000   Code   RO         1393    .ARM.Collect$$libinit$$00000032  c_w.l(libinit2.o)
    0x08000292   0x00000002   Code   RO         1394    .ARM.Collect$$libinit$$00000033  c_w.l(libinit2.o)
    0x08000294   0x00000002   Code   RO         1424    .ARM.Collect$$libshutdown$$00000000  c_w.l(libshutdown.o)
    0x08000296   0x00000000   Code   RO         1439    .ARM.Collect$$libshutdown$$00000003  c_w.l(libshutdown2.o)
    0x08000296   0x00000000   Code   RO         1442    .ARM.Collect$$libshutdown$$00000006  c_w.l(libshutdown2.o)
    0x08000296   0x00000000   Code   RO         1445    .ARM.Collect$$libshutdown$$00000009  c_w.l(libshutdown2.o)
    0x08000296   0x00000000   Code   RO         1447    .ARM.Collect$$libshutdown$$0000000B  c_w.l(libshutdown2.o)
    0x08000296   0x00000000   Code   RO         1450    .ARM.Collect$$libshutdown$$0000000E  c_w.l(libshutdown2.o)
    0x08000296   0x00000002   Code   RO         1451    .ARM.Collect$$libshutdown$$0000000F  c_w.l(libshutdown2.o)
    0x08000298   0x00000000   Code   RO         1133    .ARM.Collect$$rtentry$$00000000  c_w.l(__rtentry.o)
    0x08000298   0x00000000   Code   RO         1236    .ARM.Collect$$rtentry$$00000002  c_w.l(__rtentry2.o)
    0x08000298   0x00000006   Code   RO         1248    .ARM.Collect$$rtentry$$00000004  c_w.l(__rtentry4.o)
    0x0800029e   0x00000000   Code   RO         1238    .ARM.Collect$$rtentry$$00000009  c_w.l(__rtentry2.o)
    0x0800029e   0x00000004   Code   RO         1239    .ARM.Collect$$rtentry$$0000000A  c_w.l(__rtentry2.o)
    0x080002a2   0x00000000   Code   RO         1241    .ARM.Collect$$rtentry$$0000000C  c_w.l(__rtentry2.o)
    0x080002a2   0x00000008   Code   RO         1242    .ARM.Collect$$rtentry$$0000000D  c_w.l(__rtentry2.o)
    0x080002aa   0x00000002   Code   RO         1339    .ARM.Collect$$rtexit$$00000000  c_w.l(rtexit.o)
    0x080002ac   0x00000000   Code   RO         1398    .ARM.Collect$$rtexit$$00000002  c_w.l(rtexit2.o)
    0x080002ac   0x00000004   Code   RO         1399    .ARM.Collect$$rtexit$$00000003  c_w.l(rtexit2.o)
    0x080002b0   0x00000006   Code   RO         1400    .ARM.Collect$$rtexit$$00000004  c_w.l(rtexit2.o)
    0x080002b6   0x00000002   PAD
    0x080002b8   0x00000300   Code   RO            1    .text               main.o
    0x080005b8   0x0000001a   Code   RO          185    .text               stm32f10x_it.o
    0x080005d2   0x00000002   PAD
    0x080005d4   0x000001e0   Code   RO          226    .text               system_stm32f10x.o
    0x080007b4   0x00000040   Code   RO          258    .text               startup_stm32f10x_hd.o
    0x080007f4   0x000000dc   Code   RO          262    .text               misc.o
    0x080008d0   0x0000044e   Code   RO          274    .text               stm32f10x_adc.o
    0x08000d1e   0x00000002   PAD
    0x08000d20   0x00000254   Code   RO          358    .text               stm32f10x_dma.o
    0x08000f74   0x0000035c   Code   RO          406    .text               stm32f10x_gpio.o
    0x080012d0   0x000003a4   Code   RO          454    .text               stm32f10x_rcc.o
    0x08001674   0x0000030c   Code   RO          492    .text               stm32f10x_spi.o
    0x08001980   0x00000e1a   Code   RO          504    .text               stm32f10x_tim.o
    0x0800279a   0x00000002   PAD
    0x0800279c   0x00000408   Code   RO          516    .text               stm32f10x_usart.o
    0x08002ba4   0x000000d4   Code   RO          540    .text               delay.o
    0x08002c78   0x00000140   Code   RO          570    .text               usart.o
    0x08002db8   0x000000fc   Code   RO          593    .text               adc.o
    0x08002eb4   0x00000198   Code   RO          605    .text               dht11.o
    0x0800304c   0x00000050   Code   RO          617    .text               dma.o
    0x0800309c   0x000000d8   Code   RO          645    .text               key.o
    0x08003174   0x000058a4   Code   RO          658    .text               lcd.o
    0x08008a18   0x00000064   Code   RO          688    .text               led.o
    0x08008a7c   0x0000027c   Code   RO          700    .text               usart2.o
    0x08008cf8   0x00000368   Code   RO          726    .text               mpu6050.o
    0x08009060   0x00000250   Code   RO          738    .text               mpuiic.o
    0x080092b0   0x00000084   Code   RO          799    .text               timer.o
    0x08009334   0x000000e8   Code   RO          815    .text               spi.o
    0x0800941c   0x0000032c   Code   RO          830    .text               24l01.o
    0x08009748   0x000006c8   Code   RO          845    .text               common.o
    0x08009e10   0x00000568   Code   RO          864    .text               wifista.o
    0x0800a378   0x000001a0   Code   RO          884    .text               malloc.o
    0x0800a518   0x00000c38   Code   RO          904    .text               usmart.o
    0x0800b150   0x00000528   Code   RO          945    .text               usmart_str.o
    0x0800b678   0x000001f8   Code   RO          957    .text               text.o
    0x0800b870   0x00000002   Code   RO          974    .text               c_w.l(use_no_semi_2.o)
    0x0800b872   0x00000002   PAD
    0x0800b874   0x00000024   Code   RO          978    .text               c_w.l(c89vsprintf.o)
    0x0800b898   0x00000018   Code   RO          980    .text               c_w.l(__2printf.o)
    0x0800b8b0   0x0000002c   Code   RO          982    .text               c_w.l(__2sprintf.o)
    0x0800b8dc   0x0000004e   Code   RO          990    .text               c_w.l(_printf_pad.o)
    0x0800b92a   0x00000052   Code   RO          992    .text               c_w.l(_printf_str.o)
    0x0800b97c   0x00000078   Code   RO          994    .text               c_w.l(_printf_dec.o)
    0x0800b9f4   0x00000094   Code   RO         1014    .text               c_w.l(_printf_hex_int_ll_ptr.o)
    0x0800ba88   0x00000188   Code   RO         1034    .text               c_w.l(__printf_flags_ss_wp.o)
    0x0800bc10   0x00000024   Code   RO         1043    .text               c_w.l(strstr.o)
    0x0800bc34   0x0000003e   Code   RO         1047    .text               c_w.l(strlen.o)
    0x0800bc72   0x00000006   Code   RO         1051    .text               c_w.l(heapauxi.o)
    0x0800bc78   0x00000002   Code   RO         1131    .text               c_w.l(use_no_semi.o)
    0x0800bc7a   0x00000024   Code   RO         1138    .text               c_w.l(_printf_truncate.o)
    0x0800bc9e   0x000000b2   Code   RO         1140    .text               c_w.l(_printf_intcommon.o)
    0x0800bd50   0x00000028   Code   RO         1142    .text               c_w.l(_printf_charcount.o)
    0x0800bd78   0x00000030   Code   RO         1144    .text               c_w.l(_printf_char_common.o)
    0x0800bda8   0x0000000a   Code   RO         1146    .text               c_w.l(_sputc.o)
    0x0800bdb2   0x0000002c   Code   RO         1148    .text               c_w.l(_printf_char.o)
    0x0800bdde   0x00000002   PAD
    0x0800bde0   0x00000024   Code   RO         1150    .text               c_w.l(_printf_char_file.o)
    0x0800be04   0x000000bc   Code   RO         1152    .text               c_w.l(_printf_wctomb.o)
    0x0800bec0   0x0000007c   Code   RO         1155    .text               c_w.l(_printf_longlong_dec.o)
    0x0800bf3c   0x00000070   Code   RO         1161    .text               c_w.l(_printf_oct_int_ll.o)
    0x0800bfac   0x0000008a   Code   RO         1259    .text               c_w.l(lludiv10.o)
    0x0800c036   0x0000041a   Code   RO         1261    .text               c_w.l(_printf_fp_dec.o)
    0x0800c450   0x0000002c   Code   RO         1265    .text               c_w.l(_printf_wchar.o)
    0x0800c47c   0x00000008   Code   RO         1267    .text               c_w.l(ferror.o)
    0x0800c484   0x00000040   Code   RO         1271    .text               c_w.l(_wcrtomb.o)
    0x0800c4c4   0x00000008   Code   RO         1281    .text               c_w.l(libspace.o)
    0x0800c4cc   0x0000004a   Code   RO         1284    .text               c_w.l(sys_stackheap_outer.o)
    0x0800c516   0x00000002   PAD
    0x0800c518   0x00000010   Code   RO         1286    .text               c_w.l(rt_ctype_table.o)
    0x0800c528   0x00000008   Code   RO         1293    .text               c_w.l(rt_locale_intlibspace.o)
    0x0800c530   0x00000080   Code   RO         1295    .text               c_w.l(_printf_fp_infnan.o)
    0x0800c5b0   0x000000dc   Code   RO         1297    .text               c_w.l(bigflt0.o)
    0x0800c68c   0x0000000c   Code   RO         1325    .text               c_w.l(exit.o)
    0x0800c698   0x00000080   Code   RO         1348    .text               c_w.l(strcmpv7m.o)
    0x0800c718   0x0000003e   Code   RO         1300    CL$$btod_d2e        c_w.l(btod.o)
    0x0800c756   0x00000046   Code   RO         1302    CL$$btod_d2e_denorm_low  c_w.l(btod.o)
    0x0800c79c   0x00000060   Code   RO         1301    CL$$btod_d2e_norm_op1  c_w.l(btod.o)
    0x0800c7fc   0x00000338   Code   RO         1310    CL$$btod_div_common  c_w.l(btod.o)
    0x0800cb34   0x000000c6   Code   RO         1307    CL$$btod_e2e        c_w.l(btod.o)
    0x0800cbfa   0x00000028   Code   RO         1304    CL$$btod_ediv       c_w.l(btod.o)
    0x0800cc22   0x00000028   Code   RO         1303    CL$$btod_emul       c_w.l(btod.o)
    0x0800cc4a   0x00000244   Code   RO         1309    CL$$btod_mult_common  c_w.l(btod.o)
    0x0800ce8e   0x00000028   Code   RO         1222    i.__ARM_fpclassify  m_ws.l(fpclassify.o)
    0x0800ceb6   0x0000000e   Code   RO         1027    i._is_digit         c_w.l(__printf_wp.o)
    0x0800cec4   0x0000002c   Code   RO         1323    locale$$code        c_w.l(lc_numeric_c.o)
    0x0800cef0   0x0000002c   Code   RO         1342    locale$$code        c_w.l(lc_ctype_c.o)
    0x0800cf1c   0x00000062   Code   RO         1055    x$fpl$d2f           fz_ws.l(d2f.o)
    0x0800cf7e   0x00000002   PAD
    0x0800cf80   0x00000150   Code   RO         1057    x$fpl$dadd          fz_ws.l(daddsub_clz.o)
    0x0800d0d0   0x000002b0   Code   RO         1064    x$fpl$ddiv          fz_ws.l(ddiv.o)
    0x0800d380   0x0000002e   Code   RO         1072    x$fpl$dflt          fz_ws.l(dflt_clz.o)
    0x0800d3ae   0x0000009c   Code   RO         1183    x$fpl$dnaninf       fz_ws.l(dnaninf.o)
    0x0800d44a   0x0000000c   Code   RO         1185    x$fpl$dretinf       fz_ws.l(dretinf.o)
    0x0800d456   0x00000002   PAD
    0x0800d458   0x000001d4   Code   RO         1059    x$fpl$dsub          fz_ws.l(daddsub_clz.o)
    0x0800d62c   0x00000036   Code   RO         1093    x$fpl$ffix          fz_ws.l(ffix.o)
    0x0800d662   0x00000002   PAD
    0x0800d664   0x00000102   Code   RO         1109    x$fpl$fmul          fz_ws.l(fmul.o)
    0x0800d766   0x0000008c   Code   RO         1189    x$fpl$fnaninf       fz_ws.l(fnaninf.o)
    0x0800d7f2   0x0000000a   Code   RO         1191    x$fpl$fretinf       fz_ws.l(fretinf.o)
    0x0800d7fc   0x00000004   Code   RO         1193    x$fpl$printf1       fz_ws.l(printf1.o)
    0x0800d800   0x00000000   Code   RO         1197    x$fpl$usenofp       fz_ws.l(usenofp.o)
    0x0800d800   0x000017c0   Data   RO          660    .constdata          lcd.o
    0x0800efc0   0x0000000a   Data   RO          831    .constdata          24l01.o
    0x0800efca   0x00000028   Data   RO         1015    .constdata          c_w.l(_printf_hex_int_ll_ptr.o)
    0x0800eff2   0x00000011   Data   RO         1035    .constdata          c_w.l(__printf_flags_ss_wp.o)
    0x0800f003   0x00000001   PAD
    0x0800f004   0x00000008   Data   RO         1153    .constdata          c_w.l(_printf_wctomb.o)
    0x0800f00c   0x00000094   Data   RO         1298    .constdata          c_w.l(bigflt0.o)
    0x0800f0a0   0x0000007f   Data   RO          846    .conststring        common.o
    0x0800f11f   0x00000001   PAD
    0x0800f120   0x00000028   Data   RO          905    .conststring        usmart.o
    0x0800f148   0x00000090   Data   RO          920    .conststring        usmart_config.o
    0x0800f1d8   0x00000020   Data   RO         1469    Region$$Table       anon$$obj.o
    0x0800f1f8   0x0000001c   Data   RO         1322    locale$$data        c_w.l(lc_numeric_c.o)
    0x0800f214   0x00000110   Data   RO         1341    locale$$data        c_w.l(lc_ctype_c.o)


    Execution Region RW_IRAM1 (Base: 0x20000000, Size: 0x0000a630, Max: 0x0000c000, ABSOLUTE, COMPRESSED[0x000000b4])

    Base Addr    Size         Type   Attr      Idx    E Section Name        Object

    0x20000000   0x00000014   Data   RW          227    .data               system_stm32f10x.o
    0x20000014   0x00000014   Data   RW          455    .data               stm32f10x_rcc.o
    0x20000028   0x00000004   Data   RW          541    .data               delay.o
    0x2000002c   0x00000006   Data   RW          572    .data               usart.o
    0x20000032   0x00000001   Data   RW          646    .data               key.o
    0x20000033   0x00000001   PAD
    0x20000034   0x00000004   Data   RW          661    .data               lcd.o
    0x20000038   0x00000002   Data   RW          702    .data               usart2.o
    0x2000003a   0x00000002   PAD
    0x2000003c   0x00000016   Data   RW          801    .data               timer.o
    0x20000052   0x00000002   PAD
    0x20000054   0x00000058   Data   RW          847    .data               common.o
    0x200000ac   0x00000014   Data   RW          887    .data               malloc.o
    0x200000c0   0x0000001c   Data   RW          906    .data               usmart.o
    0x200000dc   0x00000114   Data   RW          921    .data               usmart_config.o
    0x200001f0   0x0000002b   Zero   RW            2    .bss                main.o
    0x2000021b   0x000000c8   Zero   RW          571    .bss                usart.o
    0x200002e3   0x00000001   PAD
    0x200002e4   0x0000000e   Zero   RW          659    .bss                lcd.o
    0x200002f2   0x00000006   PAD
    0x200002f8   0x00000800   Zero   RW          701    .bss                usart2.o
    0x20000af8   0x00000012   Zero   RW          816    .bss                spi.o
    0x20000b0a   0x00000002   PAD
    0x20000b0c   0x000094c0   Zero   RW          885    .bss                malloc.o
    0x20009fcc   0x00000060   Zero   RW         1282    .bss                c_w.l(libspace.o)
    0x2000a02c   0x00000004   PAD
    0x2000a030   0x00000200   Zero   RW          256    HEAP                startup_stm32f10x_hd.o
    0x2000a230   0x00000400   Zero   RW          255    STACK               startup_stm32f10x_hd.o


==============================================================================

Image component sizes


      Code (inc. data)   RO Data    RW Data    ZI Data      Debug   Object Name

       812         44         10          0          0       3599   24l01.o
       252          8          0          0          0       1055   adc.o
      1736        276        127         88          0       4359   common.o
         0          0          0          0          0         32   core_cm3.o
       212         18          0          4          0        967   delay.o
       408         12          0          0          0       2058   dht11.o
        80         12          0          0          0        513   dma.o
       216         16          0          1          0        772   key.o
     22692        204       6080          4         14      23588   lcd.o
       100         10          0          0          0        475   led.o
       768        198          0          0         43     280368   main.o
       416          6          0         20      38080       3813   malloc.o
       220         22          0          0          0       1745   misc.o
       872         16          0          0          0       4099   mpu6050.o
       592         14          0          0          0       2014   mpuiic.o
       232         12          0          0         18       1237   spi.o
        64         26        304          0       1536        772   startup_stm32f10x_hd.o
      1102         26          0          0          0      10777   stm32f10x_adc.o
       596          8          0          0          0       4270   stm32f10x_dma.o
       860         38          0          0          0       5589   stm32f10x_gpio.o
        26          0          0          0          0       1150   stm32f10x_it.o
       932         36          0         20          0       8728   stm32f10x_rcc.o
       780         14          0          0          0       6470   stm32f10x_spi.o
      3610         88          0          0          0      22072   stm32f10x_tim.o
      1032         22          0          0          0       8312   stm32f10x_usart.o
       480         38          0         20          0       1655   system_stm32f10x.o
       504         12          0          0          0       2484   text.o
       132         10          0         22          0       1866   timer.o
       320         16          0          6        200       3066   usart.o
       636         30          0          2       2048       3533   usart2.o
      3128       1284         40         28          0       4190   usmart.o
         0          0        144        276          0       1552   usmart_config.o
      1320         12          0          0          0       4993   usmart_str.o
      1384        522          0          0          0       1754   wifista.o

    ----------------------------------------------------------------------
     46520       3050       6738        496      41948     423927   Object Totals
         0          0         32          0          0          0   (incl. Generated)
         6          0          1          5          9          0   (incl. Padding)

    ----------------------------------------------------------------------

      Code (inc. data)   RO Data    RW Data    ZI Data      Debug   Library Member Name

        24          4          0          0          0         84   __2printf.o
        44          6          0          0          0         84   __2sprintf.o
        90          0          0          0          0          0   __dczerorl2.o
         8          0          0          0          0         68   __main.o
       392          4         17          0          0         92   __printf_flags_ss_wp.o
        14          0          0          0          0         68   __printf_wp.o
         0          0          0          0          0          0   __rtentry.o
        12          0          0          0          0          0   __rtentry2.o
         6          0          0          0          0          0   __rtentry4.o
        52          8          0          0          0          0   __scatter.o
        28          0          0          0          0          0   __scatter_zi.o
         6          0          0          0          0          0   _printf_a.o
         6          0          0          0          0          0   _printf_c.o
        44          0          0          0          0        108   _printf_char.o
        48          6          0          0          0         96   _printf_char_common.o
        36          4          0          0          0         80   _printf_char_file.o
        40          0          0          0          0         68   _printf_charcount.o
         6          0          0          0          0          0   _printf_d.o
       120         16          0          0          0         92   _printf_dec.o
         6          0          0          0          0          0   _printf_e.o
         6          0          0          0          0          0   _printf_f.o
      1050          0          0          0          0        216   _printf_fp_dec.o
       128         16          0          0          0         84   _printf_fp_infnan.o
         6          0          0          0          0          0   _printf_g.o
       148          4         40          0          0        160   _printf_hex_int_ll_ptr.o
         6          0          0          0          0          0   _printf_i.o
       178          0          0          0          0         88   _printf_intcommon.o
        10          0          0          0          0          0   _printf_l.o
         6          0          0          0          0          0   _printf_lc.o
        10          0          0          0          0          0   _printf_ll.o
         6          0          0          0          0          0   _printf_lld.o
         6          0          0          0          0          0   _printf_lli.o
         6          0          0          0          0          0   _printf_llo.o
         6          0          0          0          0          0   _printf_llu.o
         6          0          0          0          0          0   _printf_llx.o
       124         16          0          0          0         92   _printf_longlong_dec.o
         6          0          0          0          0          0   _printf_ls.o
         6          0          0          0          0          0   _printf_n.o
         6          0          0          0          0          0   _printf_o.o
       112          8          0          0          0        124   _printf_oct_int_ll.o
         6          0          0          0          0          0   _printf_p.o
        78          0          0          0          0        108   _printf_pad.o
         0          0          0          0          0          0   _printf_percent.o
         4          0          0          0          0          0   _printf_percent_end.o
         6          0          0          0          0          0   _printf_s.o
        82          0          0          0          0         80   _printf_str.o
        36          0          0          0          0         84   _printf_truncate.o
         6          0          0          0          0          0   _printf_u.o
        44          0          0          0          0        108   _printf_wchar.o
       188          6          8          0          0         92   _printf_wctomb.o
         6          0          0          0          0          0   _printf_x.o
        10          0          0          0          0         68   _sputc.o
        64          0          0          0          0         92   _wcrtomb.o
       220          4        148          0          0         96   bigflt0.o
      1910        128          0          0          0        672   btod.o
        36          4          0          0          0         76   c89vsprintf.o
        12          0          0          0          0         72   exit.o
         8          0          0          0          0         68   ferror.o
         6          0          0          0          0        152   heapauxi.o
        44         10        272          0          0         76   lc_ctype_c.o
        44         10         28          0          0         76   lc_numeric_c.o
         2          0          0          0          0          0   libinit.o
        30          0          0          0          0          0   libinit2.o
         2          0          0          0          0          0   libshutdown.o
         2          0          0          0          0          0   libshutdown2.o
         8          4          0          0         96         68   libspace.o
       138          0          0          0          0         80   lludiv10.o
        16          4          0          0          0         76   rt_ctype_table.o
         8          4          0          0          0         68   rt_locale_intlibspace.o
         2          0          0          0          0          0   rtexit.o
        10          0          0          0          0          0   rtexit2.o
       128          0          0          0          0         68   strcmpv7m.o
        62          0          0          0          0         76   strlen.o
        36          0          0          0          0         80   strstr.o
        74          0          0          0          0         80   sys_stackheap_outer.o
         2          0          0          0          0         68   use_no_semi.o
         2          0          0          0          0         68   use_no_semi_2.o
        98          4          0          0          0         92   d2f.o
       804         16          0          0          0        272   daddsub_clz.o
       688        140          0          0          0        208   ddiv.o
        46          0          0          0          0         68   dflt_clz.o
       156          4          0          0          0         92   dnaninf.o
        12          0          0          0          0         68   dretinf.o
        54          4          0          0          0         84   ffix.o
       258          4          0          0          0         84   fmul.o
       140          4          0          0          0         84   fnaninf.o
        10          0          0          0          0         68   fretinf.o
         4          0          0          0          0         68   printf1.o
         0          0          0          0          0          0   usenofp.o
        40          0          0          0          0         68   fpclassify.o

    ----------------------------------------------------------------------
      8472        442        514          0        100       5512   Library Totals
        16          0          1          0          4          0   (incl. Padding)

    ----------------------------------------------------------------------

      Code (inc. data)   RO Data    RW Data    ZI Data      Debug   Library Name

      6146        266        513          0         96       4256   c_w.l
      2270        176          0          0          0       1188   fz_ws.l
        40          0          0          0          0         68   m_ws.l

    ----------------------------------------------------------------------
      8472        442        514          0        100       5512   Library Totals

    ----------------------------------------------------------------------

==============================================================================


      Code (inc. data)   RO Data    RW Data    ZI Data      Debug   

     54992       3492       7252        496      42048     423871   Grand Totals
     54992       3492       7252        180      42048     423871   ELF Image Totals (compressed)
     54992       3492       7252        180          0          0   ROM Totals

==============================================================================

    Total RO  Size (Code + RO Data)                62244 (  60.79kB)
    Total RW  Size (RW Data + ZI Data)             42544 (  41.55kB)
    Total ROM Size (Code + RO Data + RW Data)      62424 (  60.96kB)

==============================================================================

